Archive member included to satisfy reference by file (symbol)

.build/obj_keychron_k8_pro_ansi_rgb_custom/i2c_master.a(i2c_master.o)
                              .build/obj_keychron_k8_pro_ansi_rgb_custom/quantum/rgb_matrix/rgb_matrix_drivers.o (i2c_init)
/Applications/arm-gnu-toolchain-12.2.rel1-darwin-arm64-arm-none-eabi/bin/../lib/gcc/arm-none-eabi/12.2.1/thumb/v7e-m+fp/hard/libgcc.a(_aeabi_ldivmod.o)
                              .build/obj_keychron_k8_pro_ansi_rgb_custom/bluetooth/ckbt51.o (__aeabi_ldivmod)
/Applications/arm-gnu-toolchain-12.2.rel1-darwin-arm64-arm-none-eabi/bin/../lib/gcc/arm-none-eabi/12.2.1/thumb/v7e-m+fp/hard/libgcc.a(_aeabi_uldivmod.o)
                              .build/obj_keychron_k8_pro_ansi_rgb_custom/bluetooth/ckbt51.o (__aeabi_uldivmod)
/Applications/arm-gnu-toolchain-12.2.rel1-darwin-arm64-arm-none-eabi/bin/../lib/gcc/arm-none-eabi/12.2.1/thumb/v7e-m+fp/hard/libgcc.a(_udivmoddi4.o)
                              /Applications/arm-gnu-toolchain-12.2.rel1-darwin-arm64-arm-none-eabi/bin/../lib/gcc/arm-none-eabi/12.2.1/thumb/v7e-m+fp/hard/libgcc.a(_aeabi_ldivmod.o) (__udivmoddi4)
/Applications/arm-gnu-toolchain-12.2.rel1-darwin-arm64-arm-none-eabi/bin/../lib/gcc/arm-none-eabi/12.2.1/thumb/v7e-m+fp/hard/libgcc.a(_dvmd_tls.o)
                              /Applications/arm-gnu-toolchain-12.2.rel1-darwin-arm64-arm-none-eabi/bin/../lib/gcc/arm-none-eabi/12.2.1/thumb/v7e-m+fp/hard/libgcc.a(_aeabi_ldivmod.o) (__aeabi_ldiv0)
/Applications/arm-gnu-toolchain-12.2.rel1-darwin-arm64-arm-none-eabi/bin/../lib/gcc/arm-none-eabi/12.2.1/../../../../arm-none-eabi/lib/thumb/v7e-m+fp/hard/libg_nano.a(libc_a-abort.o)
                              .build/obj_keychron_k8_pro_ansi_rgb/lib/chibios/os/various/syscalls.o (abort)
/Applications/arm-gnu-toolchain-12.2.rel1-darwin-arm64-arm-none-eabi/bin/../lib/gcc/arm-none-eabi/12.2.1/../../../../arm-none-eabi/lib/thumb/v7e-m+fp/hard/libg_nano.a(libc_a-rand.o)
                              .build/obj_keychron_k8_pro_ansi_rgb_custom/quantum/rgb_matrix/rgb_matrix.o (rand)
/Applications/arm-gnu-toolchain-12.2.rel1-darwin-arm64-arm-none-eabi/bin/../lib/gcc/arm-none-eabi/12.2.1/../../../../arm-none-eabi/lib/thumb/v7e-m+fp/hard/libg_nano.a(libc_a-memcmp.o)
                              .build/obj_keychron_k8_pro_ansi_rgb_custom/matrix.o (memcmp)
/Applications/arm-gnu-toolchain-12.2.rel1-darwin-arm64-arm-none-eabi/bin/../lib/gcc/arm-none-eabi/12.2.1/../../../../arm-none-eabi/lib/thumb/v7e-m+fp/hard/libg_nano.a(libc_a-memset.o)
                              .build/obj_keychron_k8_pro_ansi_rgb_custom/matrix.o (memset)
/Applications/arm-gnu-toolchain-12.2.rel1-darwin-arm64-arm-none-eabi/bin/../lib/gcc/arm-none-eabi/12.2.1/../../../../arm-none-eabi/lib/thumb/v7e-m+fp/hard/libg_nano.a(libc_a-impure.o)
                              /Applications/arm-gnu-toolchain-12.2.rel1-darwin-arm64-arm-none-eabi/bin/../lib/gcc/arm-none-eabi/12.2.1/../../../../arm-none-eabi/lib/thumb/v7e-m+fp/hard/libg_nano.a(libc_a-rand.o) (_impure_ptr)
/Applications/arm-gnu-toolchain-12.2.rel1-darwin-arm64-arm-none-eabi/bin/../lib/gcc/arm-none-eabi/12.2.1/../../../../arm-none-eabi/lib/thumb/v7e-m+fp/hard/libg_nano.a(libc_a-signal.o)
                              /Applications/arm-gnu-toolchain-12.2.rel1-darwin-arm64-arm-none-eabi/bin/../lib/gcc/arm-none-eabi/12.2.1/../../../../arm-none-eabi/lib/thumb/v7e-m+fp/hard/libg_nano.a(libc_a-abort.o) (raise)
/Applications/arm-gnu-toolchain-12.2.rel1-darwin-arm64-arm-none-eabi/bin/../lib/gcc/arm-none-eabi/12.2.1/../../../../arm-none-eabi/lib/thumb/v7e-m+fp/hard/libg_nano.a(libc_a-signalr.o)
                              /Applications/arm-gnu-toolchain-12.2.rel1-darwin-arm64-arm-none-eabi/bin/../lib/gcc/arm-none-eabi/12.2.1/../../../../arm-none-eabi/lib/thumb/v7e-m+fp/hard/libg_nano.a(libc_a-signal.o) (_kill_r)
/Applications/arm-gnu-toolchain-12.2.rel1-darwin-arm64-arm-none-eabi/bin/../lib/gcc/arm-none-eabi/12.2.1/../../../../arm-none-eabi/lib/thumb/v7e-m+fp/hard/libg_nano.a(libc_a-errno.o)
                              .build/obj_keychron_k8_pro_ansi_rgb/platforms/chibios/syscall-fallbacks.o (__errno)
/Applications/arm-gnu-toolchain-12.2.rel1-darwin-arm64-arm-none-eabi/bin/../lib/gcc/arm-none-eabi/12.2.1/../../../../arm-none-eabi/lib/thumb/v7e-m+fp/hard/libg_nano.a(libc_a-memcpy-stub.o)
                              .build/obj_keychron_k8_pro_ansi_rgb_custom/matrix.o (memcpy)
/Applications/arm-gnu-toolchain-12.2.rel1-darwin-arm64-arm-none-eabi/bin/../lib/gcc/arm-none-eabi/12.2.1/../../../../arm-none-eabi/lib/thumb/v7e-m+fp/hard/libg_nano.a(libc_a-strlen.o)
                              .build/obj_keychron_k8_pro_ansi_rgb_custom/bluetooth/ckbt51.o (strlen)
/Applications/arm-gnu-toolchain-12.2.rel1-darwin-arm64-arm-none-eabi/bin/../lib/gcc/arm-none-eabi/12.2.1/../../../../arm-none-eabi/lib/thumb/v7e-m+fp/hard/libg_nano.a(libc_a-ctype_.o)
                              .build/obj_keychron_k8_pro_ansi_rgb_custom/quantum/send_string/send_string.o (_ctype_)
[...]
Memory Configuration

Name             Origin             Length             Attributes
flash0           0x0000000008000000 0x0000000000040000 xr
flash1           0x0000000000000000 0x0000000000000000 xr
flash2           0x0000000000000000 0x0000000000000000 xr
flash3           0x0000000000000000 0x0000000000000000 xr
flash4           0x0000000000000000 0x0000000000000000 xr
flash5           0x0000000000000000 0x0000000000000000 xr
flash6           0x0000000000000000 0x0000000000000000 xr
flash7           0x0000000000000000 0x0000000000000000 xr
ram0             0x0000000020000000 0x0000000000010000 xw
ram1             0x0000000000000000 0x0000000000000000 xw
ram2             0x0000000000000000 0x0000000000000000 xw
ram3             0x0000000000000000 0x0000000000000000 xw
ram4             0x0000000000000000 0x0000000000000000 xw
ram5             0x0000000000000000 0x0000000000000000 xw
ram6             0x0000000000000000 0x0000000000000000 xw
ram7             0x0000000000000000 0x0000000000000000 xw
*default*        0x0000000000000000 0xffffffffffffffff

Linker script and memory map

LOAD .build/obj_keychron_k8_pro_ansi_rgb_custom/matrix.o
LOAD .build/obj_keychron_k8_pro_ansi_rgb_custom/bluetooth/bluetooth.o
LOAD .build/obj_keychron_k8_pro_ansi_rgb_custom/bluetooth/report_buffer.o
LOAD .build/obj_keychron_k8_pro_ansi_rgb_custom/bluetooth/ckbt51.o
LOAD .build/obj_keychron_k8_pro_ansi_rgb_custom/bluetooth/indicator.o
LOAD .build/obj_keychron_k8_pro_ansi_rgb_custom/bluetooth/bluetooth_main.o
LOAD .build/obj_keychron_k8_pro_ansi_rgb_custom/bluetooth/transport.o
LOAD .build/obj_keychron_k8_pro_ansi_rgb_custom/bluetooth/lpm.o
LOAD .build/obj_keychron_k8_pro_ansi_rgb_custom/bluetooth/lpm_stm32l432.o
LOAD .build/obj_keychron_k8_pro_ansi_rgb_custom/bluetooth/battery.o
LOAD .build/obj_keychron_k8_pro_ansi_rgb_custom/bluetooth/factory_test.o
LOAD .build/obj_keychron_k8_pro_ansi_rgb_custom/bluetooth/bat_level_animation.o
LOAD .build/obj_keychron_k8_pro_ansi_rgb_custom/bluetooth/rtc_timer.o
LOAD .build/obj_keychron_k8_pro_ansi_rgb_custom/keyboards/keychron/k8_pro/k8_pro.o
LOAD .build/obj_keychron_k8_pro_ansi_rgb_custom/keyboards/keychron/k8_pro/ansi/rgb/rgb.o
LOAD .build/obj_keychron_k8_pro_ansi_rgb_custom/.build/obj_keychron_k8_pro_ansi_rgb/src/default_keyboard.o
LOAD .build/obj_keychron_k8_pro_ansi_rgb_custom/quantum/keymap_introspection.o
LOAD .build/obj_keychron_k8_pro_ansi_rgb_custom/quantum/quantum.o
LOAD .build/obj_keychron_k8_pro_ansi_rgb_custom/quantum/bitwise.o
LOAD .build/obj_keychron_k8_pro_ansi_rgb_custom/quantum/led.o
LOAD .build/obj_keychron_k8_pro_ansi_rgb_custom/quantum/action.o
LOAD .build/obj_keychron_k8_pro_ansi_rgb_custom/quantum/action_layer.o
LOAD .build/obj_keychron_k8_pro_ansi_rgb_custom/quantum/action_tapping.o
LOAD .build/obj_keychron_k8_pro_ansi_rgb_custom/quantum/action_util.o
LOAD .build/obj_keychron_k8_pro_ansi_rgb_custom/quantum/eeconfig.o
LOAD .build/obj_keychron_k8_pro_ansi_rgb_custom/quantum/keyboard.o
LOAD .build/obj_keychron_k8_pro_ansi_rgb_custom/quantum/keymap_common.o
LOAD .build/obj_keychron_k8_pro_ansi_rgb_custom/quantum/keycode_config.o
LOAD .build/obj_keychron_k8_pro_ansi_rgb_custom/quantum/sync_timer.o
LOAD .build/obj_keychron_k8_pro_ansi_rgb_custom/quantum/logging/debug.o
LOAD .build/obj_keychron_k8_pro_ansi_rgb_custom/quantum/logging/sendchar.o
LOAD .build/obj_keychron_k8_pro_ansi_rgb_custom/quantum/logging/print.o
LOAD .build/obj_keychron_k8_pro_ansi_rgb_custom/quantum/bootmagic/bootmagic_lite.o
LOAD .build/obj_keychron_k8_pro_ansi_rgb_custom/quantum/bootmagic/magic.o
LOAD .build/obj_keychron_k8_pro_ansi_rgb_custom/quantum/matrix_common.o
LOAD .build/obj_keychron_k8_pro_ansi_rgb_custom/quantum/debounce/sym_defer_g.o
LOAD .build/obj_keychron_k8_pro_ansi_rgb_custom/quantum/main.o
LOAD .build/obj_keychron_k8_pro_ansi_rgb_custom/printf.o
LOAD .build/obj_keychron_k8_pro_ansi_rgb_custom/quantum/mousekey.o
LOAD .build/obj_keychron_k8_pro_ansi_rgb_custom/eeprom_driver.o
LOAD .build/obj_keychron_k8_pro_ansi_rgb_custom/platforms/chibios/eeprom_stm32_l4.o
LOAD .build/obj_keychron_k8_pro_ansi_rgb_custom/platforms/chibios/flash_stm32.o
LOAD .build/obj_keychron_k8_pro_ansi_rgb_custom/quantum/color.o
LOAD .build/obj_keychron_k8_pro_ansi_rgb_custom/quantum/rgb_matrix/rgb_matrix.o
LOAD .build/obj_keychron_k8_pro_ansi_rgb_custom/quantum/rgb_matrix/rgb_matrix_drivers.o
LOAD .build/obj_keychron_k8_pro_ansi_rgb_custom/lib/lib8tion/lib8tion.o
LOAD .build/obj_keychron_k8_pro_ansi_rgb_custom/ckled2001.o
LOAD .build/obj_keychron_k8_pro_ansi_rgb_custom/quantum/process_keycode/process_rgb.o
LOAD .build/obj_keychron_k8_pro_ansi_rgb_custom/quantum/led_tables.o
LOAD .build/obj_keychron_k8_pro_ansi_rgb_custom/quantum/process_keycode/process_magic.o
LOAD .build/obj_keychron_k8_pro_ansi_rgb_custom/quantum/send_string/send_string.o
LOAD .build/obj_keychron_k8_pro_ansi_rgb_custom/quantum/dip_switch.o
LOAD .build/obj_keychron_k8_pro_ansi_rgb_custom/quantum/process_keycode/process_grave_esc.o
LOAD .build/obj_keychron_k8_pro_ansi_rgb_custom/quantum/process_keycode/process_space_cadet.o
LOAD .build/obj_keychron_k8_pro_ansi_rgb_custom/i2c_master.a
LOAD .build/obj_keychron_k8_pro_ansi_rgb_custom/./lib/chibios/os/common/startup/ARMCMx/compilers/GCC/crt0_v7m.o
LOAD .build/obj_keychron_k8_pro_ansi_rgb_custom/./lib/chibios/os/common/startup/ARMCMx/compilers/GCC/vectors.o
LOAD .build/obj_keychron_k8_pro_ansi_rgb_custom/./lib/chibios/os/common/ports/ARMv7-M/compilers/GCC/chcoreasm.o
LOAD .build/obj_keychron_k8_pro_ansi_rgb_custom/protocol/host.o
LOAD .build/obj_keychron_k8_pro_ansi_rgb_custom/protocol/report.o
LOAD .build/obj_keychron_k8_pro_ansi_rgb_custom/protocol/usb_device_state.o
LOAD .build/obj_keychron_k8_pro_ansi_rgb_custom/protocol/usb_util.o
LOAD .build/obj_keychron_k8_pro_ansi_rgb_custom/platforms/suspend.o
LOAD .build/obj_keychron_k8_pro_ansi_rgb_custom/platforms/synchronization_util.o
LOAD .build/obj_keychron_k8_pro_ansi_rgb_custom/platforms/timer.o
LOAD .build/obj_keychron_k8_pro_ansi_rgb_custom/platforms/chibios/hardware_id.o
LOAD .build/obj_keychron_k8_pro_ansi_rgb_custom/platforms/chibios/platform.o
LOAD .build/obj_keychron_k8_pro_ansi_rgb_custom/platforms/chibios/suspend.o
LOAD .build/obj_keychron_k8_pro_ansi_rgb_custom/platforms/chibios/timer.o
LOAD .build/obj_keychron_k8_pro_ansi_rgb_custom/platforms/chibios/bootloaders/stm32_dfu.o
LOAD .build/obj_keychron_k8_pro_ansi_rgb_custom/protocol/chibios/usb_main.o
LOAD .build/obj_keychron_k8_pro_ansi_rgb_custom/protocol/chibios/chibios.o
LOAD .build/obj_keychron_k8_pro_ansi_rgb_custom/usb_descriptor.o
LOAD .build/obj_keychron_k8_pro_ansi_rgb_custom/protocol/chibios/usb_driver.o
LOAD .build/obj_keychron_k8_pro_ansi_rgb_custom/protocol/chibios/usb_util.o
LOAD .build/obj_keychron_k8_pro_ansi_rgb_custom/./lib/chibios/os/oslib/src/chmboxes.o
LOAD .build/obj_keychron_k8_pro_ansi_rgb_custom/./lib/chibios/os/oslib/src/chmemcore.o
LOAD .build/obj_keychron_k8_pro_ansi_rgb_custom/./lib/chibios/os/oslib/src/chmemheaps.o
LOAD .build/obj_keychron_k8_pro_ansi_rgb_custom/./lib/chibios/os/oslib/src/chmempools.o
LOAD .build/obj_keychron_k8_pro_ansi_rgb_custom/./lib/chibios/os/oslib/src/chpipes.o
LOAD .build/obj_keychron_k8_pro_ansi_rgb_custom/./lib/chibios/os/oslib/src/chobjcaches.o
LOAD .build/obj_keychron_k8_pro_ansi_rgb_custom/./lib/chibios/os/oslib/src/chdelegates.o
LOAD .build/obj_keychron_k8_pro_ansi_rgb_custom/./lib/chibios/os/oslib/src/chfactory.o
LOAD .build/obj_keychron_k8_pro_ansi_rgb/lib/chibios/os/common/startup/ARMCMx/compilers/GCC/crt1.o
LOAD .build/obj_keychron_k8_pro_ansi_rgb/lib/chibios/os/rt/src/chsys.o
LOAD .build/obj_keychron_k8_pro_ansi_rgb/lib/chibios/os/rt/src/chrfcu.o
LOAD .build/obj_keychron_k8_pro_ansi_rgb/lib/chibios/os/rt/src/chdebug.o
LOAD .build/obj_keychron_k8_pro_ansi_rgb/lib/chibios/os/rt/src/chtrace.o
LOAD .build/obj_keychron_k8_pro_ansi_rgb/lib/chibios/os/rt/src/chvt.o
LOAD .build/obj_keychron_k8_pro_ansi_rgb/lib/chibios/os/rt/src/chschd.o
LOAD .build/obj_keychron_k8_pro_ansi_rgb/lib/chibios/os/rt/src/chinstances.o
LOAD .build/obj_keychron_k8_pro_ansi_rgb/lib/chibios/os/rt/src/chthreads.o
LOAD .build/obj_keychron_k8_pro_ansi_rgb/lib/chibios/os/rt/src/chtm.o
LOAD .build/obj_keychron_k8_pro_ansi_rgb/lib/chibios/os/rt/src/chstats.o
LOAD .build/obj_keychron_k8_pro_ansi_rgb/lib/chibios/os/rt/src/chregistry.o
LOAD .build/obj_keychron_k8_pro_ansi_rgb/lib/chibios/os/rt/src/chsem.o
LOAD .build/obj_keychron_k8_pro_ansi_rgb/lib/chibios/os/rt/src/chmtx.o
LOAD .build/obj_keychron_k8_pro_ansi_rgb/lib/chibios/os/rt/src/chcond.o
LOAD .build/obj_keychron_k8_pro_ansi_rgb/lib/chibios/os/rt/src/chevents.o
LOAD .build/obj_keychron_k8_pro_ansi_rgb/lib/chibios/os/rt/src/chmsg.o
LOAD .build/obj_keychron_k8_pro_ansi_rgb/lib/chibios/os/rt/src/chdynamic.o
LOAD .build/obj_keychron_k8_pro_ansi_rgb/lib/chibios/os/common/ports/ARMv7-M/chcore.o
LOAD .build/obj_keychron_k8_pro_ansi_rgb/lib/chibios/os/hal/osal/rt-nil/osal.o
LOAD .build/obj_keychron_k8_pro_ansi_rgb/lib/chibios/os/hal/src/hal.o
LOAD .build/obj_keychron_k8_pro_ansi_rgb/lib/chibios/os/hal/src/hal_st.o
LOAD .build/obj_keychron_k8_pro_ansi_rgb/lib/chibios/os/hal/src/hal_buffers.o
LOAD .build/obj_keychron_k8_pro_ansi_rgb/lib/chibios/os/hal/src/hal_queues.o
LOAD .build/obj_keychron_k8_pro_ansi_rgb/lib/chibios/os/hal/src/hal_flash.o
LOAD .build/obj_keychron_k8_pro_ansi_rgb/lib/chibios/os/hal/src/hal_mmcsd.o
LOAD .build/obj_keychron_k8_pro_ansi_rgb/lib/chibios/os/hal/src/hal_adc.o
LOAD .build/obj_keychron_k8_pro_ansi_rgb/lib/chibios/os/hal/src/hal_can.o
LOAD .build/obj_keychron_k8_pro_ansi_rgb/lib/chibios/os/hal/src/hal_crypto.o
LOAD .build/obj_keychron_k8_pro_ansi_rgb/lib/chibios/os/hal/src/hal_dac.o
LOAD .build/obj_keychron_k8_pro_ansi_rgb/lib/chibios/os/hal/src/hal_efl.o
LOAD .build/obj_keychron_k8_pro_ansi_rgb/lib/chibios/os/hal/src/hal_gpt.o
LOAD .build/obj_keychron_k8_pro_ansi_rgb/lib/chibios/os/hal/src/hal_i2c.o
LOAD .build/obj_keychron_k8_pro_ansi_rgb/lib/chibios/os/hal/src/hal_i2s.o
LOAD .build/obj_keychron_k8_pro_ansi_rgb/lib/chibios/os/hal/src/hal_icu.o
LOAD .build/obj_keychron_k8_pro_ansi_rgb/lib/chibios/os/hal/src/hal_mac.o
LOAD .build/obj_keychron_k8_pro_ansi_rgb/lib/chibios/os/hal/src/hal_mmc_spi.o
LOAD .build/obj_keychron_k8_pro_ansi_rgb/lib/chibios/os/hal/src/hal_pal.o
LOAD .build/obj_keychron_k8_pro_ansi_rgb/lib/chibios/os/hal/src/hal_pwm.o
LOAD .build/obj_keychron_k8_pro_ansi_rgb/lib/chibios/os/hal/src/hal_rtc.o
LOAD .build/obj_keychron_k8_pro_ansi_rgb/lib/chibios/os/hal/src/hal_sdc.o
LOAD .build/obj_keychron_k8_pro_ansi_rgb/lib/chibios/os/hal/src/hal_serial.o
LOAD .build/obj_keychron_k8_pro_ansi_rgb/lib/chibios/os/hal/src/hal_serial_usb.o
LOAD .build/obj_keychron_k8_pro_ansi_rgb/lib/chibios/os/hal/src/hal_sio.o
LOAD .build/obj_keychron_k8_pro_ansi_rgb/lib/chibios/os/hal/src/hal_spi.o
LOAD .build/obj_keychron_k8_pro_ansi_rgb/lib/chibios/os/hal/src/hal_trng.o
LOAD .build/obj_keychron_k8_pro_ansi_rgb/lib/chibios/os/hal/src/hal_uart.o
LOAD .build/obj_keychron_k8_pro_ansi_rgb/lib/chibios/os/hal/src/hal_usb.o
LOAD .build/obj_keychron_k8_pro_ansi_rgb/lib/chibios/os/hal/src/hal_wdg.o
LOAD .build/obj_keychron_k8_pro_ansi_rgb/lib/chibios/os/hal/src/hal_wspi.o
LOAD .build/obj_keychron_k8_pro_ansi_rgb/lib/chibios/os/hal/ports/common/ARMCMx/nvic.o
LOAD .build/obj_keychron_k8_pro_ansi_rgb/lib/chibios/os/hal/ports/STM32/STM32L4xx/stm32_isr.o
LOAD .build/obj_keychron_k8_pro_ansi_rgb/lib/chibios/os/hal/ports/STM32/STM32L4xx/hal_lld.o
LOAD .build/obj_keychron_k8_pro_ansi_rgb/lib/chibios/os/hal/ports/STM32/STM32L4xx/hal_efl_lld.o
LOAD .build/obj_keychron_k8_pro_ansi_rgb/lib/chibios/os/hal/ports/STM32/LLD/ADCv3/hal_adc_lld.o
LOAD .build/obj_keychron_k8_pro_ansi_rgb/lib/chibios/os/hal/ports/STM32/LLD/CANv1/hal_can_lld.o
LOAD .build/obj_keychron_k8_pro_ansi_rgb/lib/chibios/os/hal/ports/STM32/LLD/DACv1/hal_dac_lld.o
LOAD .build/obj_keychron_k8_pro_ansi_rgb/lib/chibios/os/hal/ports/STM32/LLD/DMAv1/stm32_dma.o
LOAD .build/obj_keychron_k8_pro_ansi_rgb/lib/chibios/os/hal/ports/STM32/LLD/EXTIv1/stm32_exti.o
LOAD .build/obj_keychron_k8_pro_ansi_rgb/lib/chibios/os/hal/ports/STM32/LLD/GPIOv3/hal_pal_lld.o
LOAD .build/obj_keychron_k8_pro_ansi_rgb/lib/chibios/os/hal/ports/STM32/LLD/I2Cv2/hal_i2c_lld.o
LOAD .build/obj_keychron_k8_pro_ansi_rgb/lib/chibios/os/hal/ports/STM32/LLD/QUADSPIv1/hal_wspi_lld.o
LOAD .build/obj_keychron_k8_pro_ansi_rgb/lib/chibios/os/hal/ports/STM32/LLD/RNGv1/hal_trng_lld.o
LOAD .build/obj_keychron_k8_pro_ansi_rgb/lib/chibios/os/hal/ports/STM32/LLD/RTCv2/hal_rtc_lld.o
LOAD .build/obj_keychron_k8_pro_ansi_rgb/lib/chibios/os/hal/ports/STM32/LLD/SDMMCv1/hal_sdc_lld.o
LOAD .build/obj_keychron_k8_pro_ansi_rgb/lib/chibios/os/hal/ports/STM32/LLD/SPIv2/hal_i2s_lld.o
LOAD .build/obj_keychron_k8_pro_ansi_rgb/lib/chibios/os/hal/ports/STM32/LLD/SPIv2/hal_spi_v2_lld.o
LOAD .build/obj_keychron_k8_pro_ansi_rgb/lib/chibios/os/hal/ports/STM32/LLD/SYSTICKv1/hal_st_lld.o
LOAD .build/obj_keychron_k8_pro_ansi_rgb/lib/chibios/os/hal/ports/STM32/LLD/TIMv1/hal_gpt_lld.o
LOAD .build/obj_keychron_k8_pro_ansi_rgb/lib/chibios/os/hal/ports/STM32/LLD/TIMv1/hal_icu_lld.o
LOAD .build/obj_keychron_k8_pro_ansi_rgb/lib/chibios/os/hal/ports/STM32/LLD/TIMv1/hal_pwm_lld.o
LOAD .build/obj_keychron_k8_pro_ansi_rgb/lib/chibios/os/hal/ports/STM32/LLD/USARTv2/hal_serial_lld.o
LOAD .build/obj_keychron_k8_pro_ansi_rgb/lib/chibios/os/hal/ports/STM32/LLD/USARTv2/hal_sio_lld.o
LOAD .build/obj_keychron_k8_pro_ansi_rgb/lib/chibios/os/hal/ports/STM32/LLD/USARTv2/hal_uart_lld.o
LOAD .build/obj_keychron_k8_pro_ansi_rgb/lib/chibios/os/hal/ports/STM32/LLD/USBv1/hal_usb_lld.o
LOAD .build/obj_keychron_k8_pro_ansi_rgb/lib/chibios/os/hal/ports/STM32/LLD/xWDGv1/hal_wdg_lld.o
LOAD .build/obj_keychron_k8_pro_ansi_rgb/lib/chibios/os/hal/boards/ST_NUCLEO32_L432KC/board.o
LOAD .build/obj_keychron_k8_pro_ansi_rgb/lib/chibios/os/hal/lib/streams/chprintf.o
LOAD .build/obj_keychron_k8_pro_ansi_rgb/lib/chibios/os/hal/lib/streams/chscanf.o
LOAD .build/obj_keychron_k8_pro_ansi_rgb/lib/chibios/os/hal/lib/streams/memstreams.o
LOAD .build/obj_keychron_k8_pro_ansi_rgb/lib/chibios/os/hal/lib/streams/nullstreams.o
LOAD .build/obj_keychron_k8_pro_ansi_rgb/lib/chibios/os/hal/lib/streams/bufstreams.o
LOAD .build/obj_keychron_k8_pro_ansi_rgb/lib/chibios/os/various/syscalls.o
LOAD .build/obj_keychron_k8_pro_ansi_rgb/platforms/chibios/syscall-fallbacks.o
LOAD .build/obj_keychron_k8_pro_ansi_rgb/platforms/chibios/wait.o
LOAD .build/obj_keychron_k8_pro_ansi_rgb/platforms/chibios/synchronization_util.o
                0x0000000000000800                __process_stack_size__ = 0x800
                0x0000000000000400                __main_stack_size__ = 0x400
LOAD /Applications/arm-gnu-toolchain-12.2.rel1-darwin-arm64-arm-none-eabi/bin/../lib/gcc/arm-none-eabi/12.2.1/../../../../arm-none-eabi/lib/thumb/v7e-m+fp/hard/libm.a
START GROUP
LOAD /Applications/arm-gnu-toolchain-12.2.rel1-darwin-arm64-arm-none-eabi/bin/../lib/gcc/arm-none-eabi/12.2.1/thumb/v7e-m+fp/hard/libgcc.a
LOAD /Applications/arm-gnu-toolchain-12.2.rel1-darwin-arm64-arm-none-eabi/bin/../lib/gcc/arm-none-eabi/12.2.1/../../../../arm-none-eabi/lib/thumb/v7e-m+fp/hard/libg_nano.a
LOAD /Applications/arm-gnu-toolchain-12.2.rel1-darwin-arm64-arm-none-eabi/bin/../lib/gcc/arm-none-eabi/12.2.1/../../../../arm-none-eabi/lib/thumb/v7e-m+fp/hard/libc_nano.a
END GROUP
START GROUP
LOAD /Applications/arm-gnu-toolchain-12.2.rel1-darwin-arm64-arm-none-eabi/bin/../lib/gcc/arm-none-eabi/12.2.1/thumb/v7e-m+fp/hard/libgcc.a
LOAD /Applications/arm-gnu-toolchain-12.2.rel1-darwin-arm64-arm-none-eabi/bin/../lib/gcc/arm-none-eabi/12.2.1/../../../../arm-none-eabi/lib/thumb/v7e-m+fp/hard/libc_nano.a
END GROUP

.mstack         0x0000000020000000      0x400
                0x0000000020000000                . = ALIGN (0x8)
                0x0000000020000000                __main_stack_base__ = .
                0x0000000020000400                . = (. + __main_stack_size__)
 *fill*         0x0000000020000000      0x400 
                0x0000000020000400                . = ALIGN (0x8)
                0x0000000020000400                __main_stack_end__ = .

.pstack         0x0000000020000400      0x800
                0x0000000020000400                . = ALIGN (0x8)
                0x0000000020000400                __process_stack_base__ = .
                0x0000000020000400                __main_thread_stack_base__ = .
                0x0000000020000c00                . = (. + __process_stack_size__)
 *fill*         0x0000000020000400      0x800 
                0x0000000020000c00                . = ALIGN (0x8)
                0x0000000020000c00                __process_stack_end__ = .
                0x0000000020000c00                __main_thread_stack_end__ = .

.vectors        0x0000000008000000      0x1a0
                0x0000000008000000                __textvectors_base__ = LOADADDR (.vectors)
                0x0000000008000000                __vectors_base__ = .
 *(.vectors)
 .vectors       0x0000000008000000      0x1a0 .build/obj_keychron_k8_pro_ansi_rgb_custom/./lib/chibios/os/common/startup/ARMCMx/compilers/GCC/vectors.o
                0x0000000008000000                _vectors
                0x00000000080001a0                __vectors_end__ = .

.xtors          0x00000000080001a0        0x0
                0x00000000080001a0                __init_array_base__ = .
 *(SORT_BY_NAME(.init_array.*))
 *(.init_array)
                0x00000000080001a0                __init_array_end__ = .
                0x00000000080001a0                __fini_array_base__ = .
 *(.fini_array)
 *(SORT_BY_NAME(.fini_array.*))
                0x00000000080001a0                __fini_array_end__ = .

.text           0x00000000080001a0     0xc59e
                0x00000000080001a0                __text_base__ = .
 *(.text)
 .text          0x00000000080001a0      0x11c .build/obj_keychron_k8_pro_ansi_rgb_custom/./lib/chibios/os/common/startup/ARMCMx/compilers/GCC/crt0_v7m.o
                0x00000000080001a0                _crt0_entry
 .text          0x00000000080002bc        0x8 .build/obj_keychron_k8_pro_ansi_rgb_custom/./lib/chibios/os/common/startup/ARMCMx/compilers/GCC/vectors.o
                0x00000000080002bc                Reset_Handler
                0x00000000080002be                VectorAC
                0x00000000080002be                DebugMon_Handler
                0x00000000080002be                Vector11C
                0x00000000080002be                HardFault_Handler
                0x00000000080002be                Vector19C
                0x00000000080002be                Vector8C
                0x00000000080002be                SysTick_Handler
                0x00000000080002be                VectorDC
                0x00000000080002be                PendSV_Handler
                0x00000000080002be                Vector168
                0x00000000080002be                Vector110
                0x00000000080002be                VectorC8
                0x00000000080002be                Vector94
                0x00000000080002be                VectorA8
                0x00000000080002be                VectorB4
                0x00000000080002be                Vector160
                0x00000000080002be                UsageFault_Handler
                0x00000000080002be                VectorEC
                0x00000000080002be                Vector40
                0x00000000080002be                VectorF8
                0x00000000080002be                Vector108
                0x00000000080002be                Vector190
                0x00000000080002be                Vector148
                0x00000000080002be                Vector188
                0x00000000080002be                Vector198
                0x00000000080002be                Vector118
                0x00000000080002be                VectorCC
                0x00000000080002be                Vector54
                0x00000000080002be                Vector98
                0x00000000080002be                Vector138
                0x00000000080002be                Vector24
                0x00000000080002be                Vector178
                0x00000000080002be                SecureFault_Handler
                0x00000000080002be                VectorD0
                0x00000000080002be                Vector140
                0x00000000080002be                Vector158
                0x00000000080002be                Vector134
                0x00000000080002be                VectorF0
                0x00000000080002be                Vector13C
                0x00000000080002be                Vector100
                0x00000000080002be                VectorF4
                0x00000000080002be                MemManage_Handler
                0x00000000080002be                VectorA0
                0x00000000080002be                VectorC4
                0x00000000080002be                Vector180
                0x00000000080002be                Vector90
                0x00000000080002be                Vector114
                0x00000000080002be                Vector164
                0x00000000080002be                Vector17C
                0x00000000080002be                Vector16C
                0x00000000080002be                VectorD4
                0x00000000080002be                Vector144
                0x00000000080002be                Vector15C
                0x00000000080002be                Vector174
                0x00000000080002be                VectorE8
                0x00000000080002be                Vector170
                0x00000000080002be                Vector88
                0x00000000080002be                Vector104
                0x00000000080002be                Vector184
                0x00000000080002be                Vector10C
                0x00000000080002be                BusFault_Handler
                0x00000000080002be                Vector50
                0x00000000080002be                Vector194
                0x00000000080002be                Vector44
                0x00000000080002be                Vector28
                0x00000000080002be                VectorB8
                0x00000000080002be                VectorFC
                0x00000000080002be                Vector34
                0x00000000080002be                VectorA4
                0x00000000080002be                Vector20
                0x00000000080002be                Vector18C
                0x00000000080002c2                _unhandled_exception
 .text          0x00000000080002c4       0x32 .build/obj_keychron_k8_pro_ansi_rgb_custom/./lib/chibios/os/common/ports/ARMv7-M/compilers/GCC/chcoreasm.o
                0x00000000080002c4                __port_switch
                0x00000000080002dc                __port_thread_start
                0x00000000080002ee                __port_switch_from_isr
                0x00000000080002f2                __port_exit_from_isr
 *fill*         0x00000000080002f6        0x2 
 .text          0x00000000080002f8       0x30 /Applications/arm-gnu-toolchain-12.2.rel1-darwin-arm64-arm-none-eabi/bin/../lib/gcc/arm-none-eabi/12.2.1/thumb/v7e-m+fp/hard/libgcc.a(_aeabi_uldivmod.o)
                0x00000000080002f8                __aeabi_uldivmod
 .text          0x0000000008000328        0x4 /Applications/arm-gnu-toolchain-12.2.rel1-darwin-arm64-arm-none-eabi/bin/../lib/gcc/arm-none-eabi/12.2.1/thumb/v7e-m+fp/hard/libgcc.a(_dvmd_tls.o)
                0x0000000008000328                __aeabi_ldiv0
                0x0000000008000328                __aeabi_idiv0
 .text          0x000000000800032c       0x10 /Applications/arm-gnu-toolchain-12.2.rel1-darwin-arm64-arm-none-eabi/bin/../lib/gcc/arm-none-eabi/12.2.1/../../../../arm-none-eabi/lib/thumb/v7e-m+fp/hard/libg_nano.a(libc_a-strlen.o)
                0x000000000800032c                strlen
 *fill*         0x000000000800033c        0x4 
 .text          0x0000000008000340       0xa0 /Applications/arm-gnu-toolchain-12.2.rel1-darwin-arm64-arm-none-eabi/bin/../lib/gcc/arm-none-eabi/12.2.1/../../../../arm-none-eabi/lib/thumb/v7e-m+fp/hard/libg_nano.a(libc_a-memchr.o)
                0x0000000008000340                memchr
 *(.text.*)
 .text.HC595_delay
                0x00000000080003e0       0x14 .build/obj_keychron_k8_pro_ansi_rgb_custom/matrix.o
 .text.HC595_output
                0x00000000080003f4       0x54 .build/obj_keychron_k8_pro_ansi_rgb_custom/matrix.o
 .text.setPinOutput_writeLow
                0x0000000008000448       0x2a .build/obj_keychron_k8_pro_ansi_rgb_custom/matrix.o
 .text.setPinInputHigh_atomic
                0x0000000008000472       0x22 .build/obj_keychron_k8_pro_ansi_rgb_custom/matrix.o
 .text.select_all_cols
                0x0000000008000494       0x1c .build/obj_keychron_k8_pro_ansi_rgb_custom/matrix.o
                0x0000000008000494                select_all_cols
 .text.matrix_read_rows_on_col
                0x00000000080004b0       0x98 .build/obj_keychron_k8_pro_ansi_rgb_custom/matrix.o
                0x00000000080004b0                matrix_read_rows_on_col
 .text.matrix_init_custom
                0x0000000008000548       0x64 .build/obj_keychron_k8_pro_ansi_rgb_custom/matrix.o
                0x0000000008000548                matrix_init_custom
 .text.matrix_scan_custom
                0x00000000080005ac       0x44 .build/obj_keychron_k8_pro_ansi_rgb_custom/matrix.o
                0x00000000080005ac                matrix_scan_custom
 .text.bluetooth_keyboard_leds
                0x00000000080005f0       0x18 .build/obj_keychron_k8_pro_ansi_rgb_custom/bluetooth/bluetooth.o
                0x00000000080005f0                bluetooth_keyboard_leds
 .text.bluetooth_bt_event_queue_init
                0x0000000008000608       0x24 .build/obj_keychron_k8_pro_ansi_rgb_custom/bluetooth/bluetooth.o
                0x0000000008000608                bluetooth_bt_event_queue_init
 .text.bluetooth_event_queue_enqueue
                0x000000000800062c       0x44 .build/obj_keychron_k8_pro_ansi_rgb_custom/bluetooth/bluetooth.o
                0x000000000800062c                bluetooth_event_queue_enqueue
 .text.bluetooth_init
                0x0000000008000670       0x4c .build/obj_keychron_k8_pro_ansi_rgb_custom/bluetooth/bluetooth.o
                0x0000000008000670                bluetooth_init
 .text.bluetooth_pairing_ex
                0x00000000080006bc       0x30 .build/obj_keychron_k8_pro_ansi_rgb_custom/bluetooth/bluetooth.o
                0x00000000080006bc                bluetooth_pairing_ex
 .text.bluetooth_connect
                0x00000000080006ec       0x2c .build/obj_keychron_k8_pro_ansi_rgb_custom/bluetooth/bluetooth.o
                0x00000000080006ec                bluetooth_connect
 .text.bluetooth_send_keyboard
                0x0000000008000718       0xd8 .build/obj_keychron_k8_pro_ansi_rgb_custom/bluetooth/bluetooth.o
                0x0000000008000718                bluetooth_send_keyboard
 .text.bluetooth_send_mouse
                0x00000000080007f0       0x20 .build/obj_keychron_k8_pro_ansi_rgb_custom/bluetooth/bluetooth.o
                0x00000000080007f0                bluetooth_send_mouse
 .text.bluetooth_connect_ex
                0x0000000008000810       0x48 .build/obj_keychron_k8_pro_ansi_rgb_custom/bluetooth/bluetooth.o
                0x0000000008000810                bluetooth_connect_ex
 .text.bluetooth_disconnect
                0x0000000008000858       0x10 .build/obj_keychron_k8_pro_ansi_rgb_custom/bluetooth/bluetooth.o
                0x0000000008000858                bluetooth_disconnect
 .text.bluetooth_enter_reset_kb
                0x0000000008000868        0x2 .build/obj_keychron_k8_pro_ansi_rgb_custom/bluetooth/bluetooth.o
                0x0000000008000868                bluetooth_enter_reset_kb
 .text.bluetooth_enter_discoverable_kb
                0x000000000800086a        0x2 .build/obj_keychron_k8_pro_ansi_rgb_custom/bluetooth/bluetooth.o
                0x000000000800086a                bluetooth_enter_discoverable_kb
 .text.bluetooth_enter_reconnecting_kb
                0x000000000800086c        0x2 .build/obj_keychron_k8_pro_ansi_rgb_custom/bluetooth/bluetooth.o
                0x000000000800086c                bluetooth_enter_reconnecting_kb
 .text.bluetooth_enter_connected_kb
                0x000000000800086e        0x2 .build/obj_keychron_k8_pro_ansi_rgb_custom/bluetooth/bluetooth.o
                0x000000000800086e                bluetooth_enter_connected_kb
 .text.bluetooth_enter_pin_code_entry_kb
                0x0000000008000870        0x2 .build/obj_keychron_k8_pro_ansi_rgb_custom/bluetooth/bluetooth.o
                0x0000000008000870                bluetooth_enter_pin_code_entry_kb
 .text.bluetooth_exit_pin_code_entry_kb
                0x0000000008000872        0x2 .build/obj_keychron_k8_pro_ansi_rgb_custom/bluetooth/bluetooth.o
                0x0000000008000872                bluetooth_exit_pin_code_entry_kb
 .text.bluetooth_send_system
                0x0000000008000874       0x20 .build/obj_keychron_k8_pro_ansi_rgb_custom/bluetooth/bluetooth.o
                0x0000000008000874                bluetooth_send_system
 .text.bluetooth_send_consumer
                0x0000000008000894       0x58 .build/obj_keychron_k8_pro_ansi_rgb_custom/bluetooth/bluetooth.o
                0x0000000008000894                bluetooth_send_consumer
 .text.bluetooth_send_extra
                0x00000000080008ec       0x24 .build/obj_keychron_k8_pro_ansi_rgb_custom/bluetooth/bluetooth.o
                0x00000000080008ec                bluetooth_send_extra
 .text.bluetooth_low_battery_shutdown
                0x0000000008000910       0x18 .build/obj_keychron_k8_pro_ansi_rgb_custom/bluetooth/bluetooth.o
                0x0000000008000910                bluetooth_low_battery_shutdown
 .text.bluetooth_event_queue_task
                0x0000000008000928      0x18c .build/obj_keychron_k8_pro_ansi_rgb_custom/bluetooth/bluetooth.o
                0x0000000008000928                bluetooth_event_queue_task
 .text.bluetooth_task
                0x0000000008000ab4       0x24 .build/obj_keychron_k8_pro_ansi_rgb_custom/bluetooth/bluetooth.o
                0x0000000008000ab4                bluetooth_task
 .text.bluetooth_get_state
                0x0000000008000ad8        0xc .build/obj_keychron_k8_pro_ansi_rgb_custom/bluetooth/bluetooth.o
                0x0000000008000ad8                bluetooth_get_state
 .text.process_record_kb
                0x0000000008000ae4       0x40 .build/obj_keychron_k8_pro_ansi_rgb_custom/bluetooth/bluetooth.o
                0x0000000008000ae4                process_record_kb
 .text.report_buffer_init
                0x0000000008000b24       0x3c .build/obj_keychron_k8_pro_ansi_rgb_custom/bluetooth/report_buffer.o
                0x0000000008000b24                report_buffer_init
 .text.report_buffer_enqueue
                0x0000000008000b60       0x38 .build/obj_keychron_k8_pro_ansi_rgb_custom/bluetooth/report_buffer.o
                0x0000000008000b60                report_buffer_enqueue
 .text.report_buffer_dequeue
                0x0000000008000b98       0x38 .build/obj_keychron_k8_pro_ansi_rgb_custom/bluetooth/report_buffer.o
                0x0000000008000b98                report_buffer_dequeue
 .text.report_buffer_is_empty
                0x0000000008000bd0       0x18 .build/obj_keychron_k8_pro_ansi_rgb_custom/bluetooth/report_buffer.o
                0x0000000008000bd0                report_buffer_is_empty
 .text.report_buffer_update_timer
                0x0000000008000be8       0x10 .build/obj_keychron_k8_pro_ansi_rgb_custom/bluetooth/report_buffer.o
                0x0000000008000be8                report_buffer_update_timer
 .text.report_buffer_next_inverval
                0x0000000008000bf8       0x20 .build/obj_keychron_k8_pro_ansi_rgb_custom/bluetooth/report_buffer.o
                0x0000000008000bf8                report_buffer_next_inverval
 .text.report_buffer_set_inverval
                0x0000000008000c18        0xc .build/obj_keychron_k8_pro_ansi_rgb_custom/bluetooth/report_buffer.o
                0x0000000008000c18                report_buffer_set_inverval
 .text.report_buffer_get_retry
                0x0000000008000c24        0xc .build/obj_keychron_k8_pro_ansi_rgb_custom/bluetooth/report_buffer.o
                0x0000000008000c24                report_buffer_get_retry
 .text.report_buffer_set_retry
                0x0000000008000c30        0xc .build/obj_keychron_k8_pro_ansi_rgb_custom/bluetooth/report_buffer.o
                0x0000000008000c30                report_buffer_set_retry
 .text.report_buffer_task
                0x0000000008000c3c       0xb8 .build/obj_keychron_k8_pro_ansi_rgb_custom/bluetooth/report_buffer.o
                0x0000000008000c3c                report_buffer_task
 .text.ckbt51_init
                0x0000000008000cf4       0x64 .build/obj_keychron_k8_pro_ansi_rgb_custom/bluetooth/ckbt51.o
                0x0000000008000cf4                ckbt51_init
 .text.ckbt51_send_cmd
                0x0000000008000d58      0x10c .build/obj_keychron_k8_pro_ansi_rgb_custom/bluetooth/ckbt51.o
                0x0000000008000d58                ckbt51_send_cmd
 .text.ckbt51_send_keyboard
                0x0000000008000e64       0x34 .build/obj_keychron_k8_pro_ansi_rgb_custom/bluetooth/ckbt51.o
                0x0000000008000e64                ckbt51_send_keyboard
 .text.ckbt51_send_nkro
                0x0000000008000e98       0x34 .build/obj_keychron_k8_pro_ansi_rgb_custom/bluetooth/ckbt51.o
                0x0000000008000e98                ckbt51_send_nkro
 .text.ckbt51_send_consumer
                0x0000000008000ecc       0x38 .build/obj_keychron_k8_pro_ansi_rgb_custom/bluetooth/ckbt51.o
                0x0000000008000ecc                ckbt51_send_consumer
 .text.ckbt51_send_system
                0x0000000008000f04       0x34 .build/obj_keychron_k8_pro_ansi_rgb_custom/bluetooth/ckbt51.o
                0x0000000008000f04                ckbt51_send_system
 .text.ckbt51_send_mouse
                0x0000000008000f38       0x4c .build/obj_keychron_k8_pro_ansi_rgb_custom/bluetooth/ckbt51.o
                0x0000000008000f38                ckbt51_send_mouse
 .text.ckbt51_become_discoverable
                0x0000000008000f84       0x7c .build/obj_keychron_k8_pro_ansi_rgb_custom/bluetooth/ckbt51.o
                0x0000000008000f84                ckbt51_become_discoverable
 .text.ckbt51_connect
                0x0000000008001000       0x3c .build/obj_keychron_k8_pro_ansi_rgb_custom/bluetooth/ckbt51.o
                0x0000000008001000                ckbt51_connect
 .text.ckbt51_disconnect
                0x000000000800103c       0x28 .build/obj_keychron_k8_pro_ansi_rgb_custom/bluetooth/ckbt51.o
                0x000000000800103c                ckbt51_disconnect
 .text.ckbt51_send_conn_evt_ack
                0x0000000008001064       0x28 .build/obj_keychron_k8_pro_ansi_rgb_custom/bluetooth/ckbt51.o
                0x0000000008001064                ckbt51_send_conn_evt_ack
 .text.ckbt51_read_state_reg
                0x000000000800108c       0x40 .build/obj_keychron_k8_pro_ansi_rgb_custom/bluetooth/ckbt51.o
                0x000000000800108c                ckbt51_read_state_reg
 .text.ckbt51_set_param
                0x00000000080010cc       0x34 .build/obj_keychron_k8_pro_ansi_rgb_custom/bluetooth/ckbt51.o
                0x00000000080010cc                ckbt51_set_param
 .text.ckbt51_set_local_name
                0x0000000008001100       0x3c .build/obj_keychron_k8_pro_ansi_rgb_custom/bluetooth/ckbt51.o
                0x0000000008001100                ckbt51_set_local_name
 .text.ckbt51_factory_reset
                0x000000000800113c       0x28 .build/obj_keychron_k8_pro_ansi_rgb_custom/bluetooth/ckbt51.o
                0x000000000800113c                ckbt51_factory_reset
 .text.ckbt51_int_pin_test
                0x0000000008001164       0x30 .build/obj_keychron_k8_pro_ansi_rgb_custom/bluetooth/ckbt51.o
                0x0000000008001164                ckbt51_int_pin_test
 .text.ckbt51_radio_test
                0x0000000008001194       0x30 .build/obj_keychron_k8_pro_ansi_rgb_custom/bluetooth/ckbt51.o
                0x0000000008001194                ckbt51_radio_test
 .text.ckbt51_dfu_tx
                0x00000000080011c4       0x84 .build/obj_keychron_k8_pro_ansi_rgb_custom/bluetooth/ckbt51.o
                0x00000000080011c4                ckbt51_dfu_tx
 .text.ckbt51_dfu_rx
                0x0000000008001248       0x90 .build/obj_keychron_k8_pro_ansi_rgb_custom/bluetooth/ckbt51.o
                0x0000000008001248                ckbt51_dfu_rx
 .text.ckbt51_task
                0x00000000080012d8      0x264 .build/obj_keychron_k8_pro_ansi_rgb_custom/bluetooth/ckbt51.o
                0x00000000080012d8                ckbt51_task
 .text.indicator_init
                0x000000000800153c       0x5c .build/obj_keychron_k8_pro_ansi_rgb_custom/bluetooth/indicator.o
                0x000000000800153c                indicator_init
 .text.indicator_enable
                0x0000000008001598       0x12 .build/obj_keychron_k8_pro_ansi_rgb_custom/bluetooth/indicator.o
                0x0000000008001598                indicator_enable
 .text.indicator_disable
                0x00000000080015aa        0x4 .build/obj_keychron_k8_pro_ansi_rgb_custom/bluetooth/indicator.o
                0x00000000080015aa                indicator_disable
 .text.indicator_is_enabled
                0x00000000080015ae        0xe .build/obj_keychron_k8_pro_ansi_rgb_custom/bluetooth/indicator.o
                0x00000000080015ae                indicator_is_enabled
 .text.indicator_eeconfig_reload
                0x00000000080015bc       0x24 .build/obj_keychron_k8_pro_ansi_rgb_custom/bluetooth/indicator.o
                0x00000000080015bc                indicator_eeconfig_reload
 .text.indicator_is_running
                0x00000000080015e0       0x20 .build/obj_keychron_k8_pro_ansi_rgb_custom/bluetooth/indicator.o
                0x00000000080015e0                indicator_is_running
 .text.indicator_stop
                0x0000000008001600       0x28 .build/obj_keychron_k8_pro_ansi_rgb_custom/bluetooth/indicator.o
                0x0000000008001600                indicator_stop
 .text.indicator_battery_low_enable
                0x0000000008001628       0x38 .build/obj_keychron_k8_pro_ansi_rgb_custom/bluetooth/indicator.o
                0x0000000008001628                indicator_battery_low_enable
 .text.indicator_battery_low
                0x0000000008001660       0x50 .build/obj_keychron_k8_pro_ansi_rgb_custom/bluetooth/indicator.o
                0x0000000008001660                indicator_battery_low
 .text.os_state_indicate
                0x00000000080016b0        0x2 .build/obj_keychron_k8_pro_ansi_rgb_custom/bluetooth/indicator.o
                0x00000000080016b0                os_state_indicate
 *fill*         0x00000000080016b2        0x2 
 .text.rgb_matrix_indicators_kb
                0x00000000080016b4       0x98 .build/obj_keychron_k8_pro_ansi_rgb_custom/bluetooth/indicator.o
                0x00000000080016b4                rgb_matrix_indicators_kb
 .text.indicator_timer_cb
                0x000000000800174c      0x218 .build/obj_keychron_k8_pro_ansi_rgb_custom/bluetooth/indicator.o
 .text.indicator_set
                0x0000000008001964      0x194 .build/obj_keychron_k8_pro_ansi_rgb_custom/bluetooth/indicator.o
                0x0000000008001964                indicator_set
 .text.indicator_task
                0x0000000008001af8       0x40 .build/obj_keychron_k8_pro_ansi_rgb_custom/bluetooth/indicator.o
                0x0000000008001af8                indicator_task
 .text.led_update_kb
                0x0000000008001b38       0x40 .build/obj_keychron_k8_pro_ansi_rgb_custom/bluetooth/indicator.o
                0x0000000008001b38                led_update_kb
 .text.rgb_matrix_none_indicators_kb
                0x0000000008001b78        0x8 .build/obj_keychron_k8_pro_ansi_rgb_custom/bluetooth/indicator.o
                0x0000000008001b78                rgb_matrix_none_indicators_kb
 .text.rgb_matrix_driver_allow_shutdown
                0x0000000008001b80        0x4 .build/obj_keychron_k8_pro_ansi_rgb_custom/bluetooth/indicator.o
                0x0000000008001b80                rgb_matrix_driver_allow_shutdown
 .text.bluetooth_post_task
                0x0000000008001b84        0x2 .build/obj_keychron_k8_pro_ansi_rgb_custom/bluetooth/bluetooth_main.o
                0x0000000008001b84                bluetooth_post_task
 .text.bluetooth_tasks
                0x0000000008001b86       0x20 .build/obj_keychron_k8_pro_ansi_rgb_custom/bluetooth/bluetooth_main.o
                0x0000000008001b86                bluetooth_tasks
 .text.housekeeping_task_kb
                0x0000000008001ba6        0x4 .build/obj_keychron_k8_pro_ansi_rgb_custom/bluetooth/bluetooth_main.o
                0x0000000008001ba6                housekeeping_task_kb
 *fill*         0x0000000008001baa        0x2 
 .text.bt_transport_enable
                0x0000000008001bac       0x4c .build/obj_keychron_k8_pro_ansi_rgb_custom/bluetooth/transport.o
                0x0000000008001bac                bt_transport_enable
 .text.usb_transport_enable
                0x0000000008001bf8       0x44 .build/obj_keychron_k8_pro_ansi_rgb_custom/bluetooth/transport.o
                0x0000000008001bf8                usb_transport_enable
 .text.set_transport
                0x0000000008001c3c       0xd0 .build/obj_keychron_k8_pro_ansi_rgb_custom/bluetooth/transport.o
                0x0000000008001c3c                set_transport
 .text.get_transport
                0x0000000008001d0c        0xc .build/obj_keychron_k8_pro_ansi_rgb_custom/bluetooth/transport.o
                0x0000000008001d0c                get_transport
 .text.usb_remote_wakeup
                0x0000000008001d18       0x40 .build/obj_keychron_k8_pro_ansi_rgb_custom/bluetooth/transport.o
                0x0000000008001d18                usb_remote_wakeup
 .text.lpm_timer_reset
                0x0000000008001d58       0x1c .build/obj_keychron_k8_pro_ansi_rgb_custom/bluetooth/lpm.o
                0x0000000008001d58                lpm_timer_reset
 .text.lpm_init
                0x0000000008001d74       0x18 .build/obj_keychron_k8_pro_ansi_rgb_custom/bluetooth/lpm.o
                0x0000000008001d74                lpm_init
 .text.lpm_timer_stop
                0x0000000008001d8c       0x14 .build/obj_keychron_k8_pro_ansi_rgb_custom/bluetooth/lpm.o
                0x0000000008001d8c                lpm_timer_stop
 .text.usb_power_connected
                0x0000000008001da0       0x14 .build/obj_keychron_k8_pro_ansi_rgb_custom/bluetooth/lpm.o
                0x0000000008001da0                usb_power_connected
 .text.lpm_task
                0x0000000008001db4       0x60 .build/obj_keychron_k8_pro_ansi_rgb_custom/bluetooth/lpm.o
                0x0000000008001db4                lpm_task
 .text.lpm_set  0x0000000008001e14       0xf4 .build/obj_keychron_k8_pro_ansi_rgb_custom/bluetooth/lpm_stm32l432.o
                0x0000000008001e14                lpm_set
 .text.usb_power_connect
                0x0000000008001f08       0x10 .build/obj_keychron_k8_pro_ansi_rgb_custom/bluetooth/lpm_stm32l432.o
                0x0000000008001f08                usb_power_connect
 .text.enter_power_mode
                0x0000000008001f18      0x258 .build/obj_keychron_k8_pro_ansi_rgb_custom/bluetooth/lpm_stm32l432.o
                0x0000000008001f18                enter_power_mode
 .text.battery_init
                0x0000000008002170        0x2 .build/obj_keychron_k8_pro_ansi_rgb_custom/bluetooth/battery.o
                0x0000000008002170                battery_init
 .text.battery_measure
                0x0000000008002172        0x8 .build/obj_keychron_k8_pro_ansi_rgb_custom/bluetooth/battery.o
                0x0000000008002172                battery_measure
 *fill*         0x000000000800217a        0x2 
 .text.battery_set_voltage
                0x000000000800217c        0xc .build/obj_keychron_k8_pro_ansi_rgb_custom/bluetooth/battery.o
                0x000000000800217c                battery_set_voltage
 .text.battery_get_percentage
                0x0000000008002188       0x58 .build/obj_keychron_k8_pro_ansi_rgb_custom/bluetooth/battery.o
                0x0000000008002188                battery_get_percentage
 .text.battery_is_empty
                0x00000000080021e0       0x14 .build/obj_keychron_k8_pro_ansi_rgb_custom/bluetooth/battery.o
                0x00000000080021e0                battery_is_empty
 .text.battery_is_critical_low
                0x00000000080021f4       0x14 .build/obj_keychron_k8_pro_ansi_rgb_custom/bluetooth/battery.o
                0x00000000080021f4                battery_is_critical_low
 .text.battery_check_empty
                0x0000000008002208       0x3c .build/obj_keychron_k8_pro_ansi_rgb_custom/bluetooth/battery.o
                0x0000000008002208                battery_check_empty
 .text.battery_check_critical_low
                0x0000000008002244       0x34 .build/obj_keychron_k8_pro_ansi_rgb_custom/bluetooth/battery.o
                0x0000000008002244                battery_check_critical_low
 .text.battery_power_on_sample
                0x0000000008002278       0x14 .build/obj_keychron_k8_pro_ansi_rgb_custom/bluetooth/battery.o
                0x0000000008002278                battery_power_on_sample
 .text.battery_task
                0x000000000800228c       0x9c .build/obj_keychron_k8_pro_ansi_rgb_custom/bluetooth/battery.o
                0x000000000800228c                battery_task
 .text.factory_timer_start
                0x0000000008002328       0x1c .build/obj_keychron_k8_pro_ansi_rgb_custom/bluetooth/factory_test.o
                0x0000000008002328                factory_timer_start
 .text.process_record_factory_reset
                0x0000000008002344       0xd4 .build/obj_keychron_k8_pro_ansi_rgb_custom/bluetooth/factory_test.o
                0x0000000008002344                process_record_factory_reset
 .text.rgb_matrix_indicators_user
                0x0000000008002418       0x58 .build/obj_keychron_k8_pro_ansi_rgb_custom/bluetooth/factory_test.o
                0x0000000008002418                rgb_matrix_indicators_user
 .text.factory_reset_task
                0x0000000008002470       0xc4 .build/obj_keychron_k8_pro_ansi_rgb_custom/bluetooth/factory_test.o
                0x0000000008002470                factory_reset_task
 .text.factory_test_send
                0x0000000008002534       0x4c .build/obj_keychron_k8_pro_ansi_rgb_custom/bluetooth/factory_test.o
                0x0000000008002534                factory_test_send
 .text.factory_test_rx
                0x0000000008002580       0xf8 .build/obj_keychron_k8_pro_ansi_rgb_custom/bluetooth/factory_test.o
                0x0000000008002580                factory_test_rx
 .text.dip_switch_update_user
                0x0000000008002678       0x28 .build/obj_keychron_k8_pro_ansi_rgb_custom/bluetooth/factory_test.o
                0x0000000008002678                dip_switch_update_user
 .text.bat_level_animiation_start
                0x00000000080026a0       0x58 .build/obj_keychron_k8_pro_ansi_rgb_custom/bluetooth/bat_level_animation.o
                0x00000000080026a0                bat_level_animiation_start
 .text.bat_level_animiation_actived
                0x00000000080026f8       0x10 .build/obj_keychron_k8_pro_ansi_rgb_custom/bluetooth/bat_level_animation.o
                0x00000000080026f8                bat_level_animiation_actived
 .text.bat_level_animiation_indicate
                0x0000000008002708       0x7c .build/obj_keychron_k8_pro_ansi_rgb_custom/bluetooth/bat_level_animation.o
                0x0000000008002708                bat_level_animiation_indicate
 .text.bat_level_animiation_update
                0x0000000008002784       0xac .build/obj_keychron_k8_pro_ansi_rgb_custom/bluetooth/bat_level_animation.o
                0x0000000008002784                bat_level_animiation_update
 .text.bat_level_animiation_task
                0x0000000008002830       0x30 .build/obj_keychron_k8_pro_ansi_rgb_custom/bluetooth/bat_level_animation.o
                0x0000000008002830                bat_level_animiation_task
 .text.rtc_timer_clear
                0x0000000008002860       0x1c .build/obj_keychron_k8_pro_ansi_rgb_custom/bluetooth/rtc_timer.o
                0x0000000008002860                rtc_timer_clear
 .text.rtc_timer_init
                0x000000000800287c        0x4 .build/obj_keychron_k8_pro_ansi_rgb_custom/bluetooth/rtc_timer.o
                0x000000000800287c                rtc_timer_init
 .text.rtc_timer_read_ms
                0x0000000008002880       0x1c .build/obj_keychron_k8_pro_ansi_rgb_custom/bluetooth/rtc_timer.o
                0x0000000008002880                rtc_timer_read_ms
 .text.rtc_timer_elapsed_ms
                0x000000000800289c        0xc .build/obj_keychron_k8_pro_ansi_rgb_custom/bluetooth/rtc_timer.o
                0x000000000800289c                rtc_timer_elapsed_ms
 .text.pairing_key_timer_cb
                0x00000000080028a8        0x8 .build/obj_keychron_k8_pro_ansi_rgb_custom/keyboards/keychron/k8_pro/k8_pro.o
 .text.ckbt51_param_init
                0x00000000080028b0       0x4c .build/obj_keychron_k8_pro_ansi_rgb_custom/keyboards/keychron/k8_pro/k8_pro.o
 .text.dip_switch_update_kb
                0x00000000080028fc       0x20 .build/obj_keychron_k8_pro_ansi_rgb_custom/keyboards/keychron/k8_pro/k8_pro.o
                0x00000000080028fc                dip_switch_update_kb
 .text.process_record_kb_bt
                0x000000000800291c      0x140 .build/obj_keychron_k8_pro_ansi_rgb_custom/keyboards/keychron/k8_pro/k8_pro.o
                0x000000000800291c                process_record_kb_bt
 .text.keyboard_post_init_kb
                0x0000000008002a5c       0x60 .build/obj_keychron_k8_pro_ansi_rgb_custom/keyboards/keychron/k8_pro/k8_pro.o
                0x0000000008002a5c                keyboard_post_init_kb
 .text.matrix_scan_kb
                0x0000000008002abc       0xb4 .build/obj_keychron_k8_pro_ansi_rgb_custom/keyboards/keychron/k8_pro/k8_pro.o
                0x0000000008002abc                matrix_scan_kb
 .text.bluetooth_enter_disconnected_kb
                0x0000000008002b70       0x48 .build/obj_keychron_k8_pro_ansi_rgb_custom/keyboards/keychron/k8_pro/k8_pro.o
                0x0000000008002b70                bluetooth_enter_disconnected_kb
 .text.ckbt51_default_ack_handler
                0x0000000008002bb8       0x38 .build/obj_keychron_k8_pro_ansi_rgb_custom/keyboards/keychron/k8_pro/k8_pro.o
                0x0000000008002bb8                ckbt51_default_ack_handler
 .text.bluetooth_pre_task
                0x0000000008002bf0       0x34 .build/obj_keychron_k8_pro_ansi_rgb_custom/keyboards/keychron/k8_pro/k8_pro.o
                0x0000000008002bf0                bluetooth_pre_task
 .text.battery_calculte_voltage
                0x0000000008002c24       0x68 .build/obj_keychron_k8_pro_ansi_rgb_custom/keyboards/keychron/k8_pro/k8_pro.o
                0x0000000008002c24                battery_calculte_voltage
 .text.via_command_kb
                0x0000000008002c8c       0x1e .build/obj_keychron_k8_pro_ansi_rgb_custom/keyboards/keychron/k8_pro/k8_pro.o
                0x0000000008002c8c                via_command_kb
 .text.raw_hid_receive
                0x0000000008002caa        0xe .build/obj_keychron_k8_pro_ansi_rgb_custom/keyboards/keychron/k8_pro/k8_pro.o
                0x0000000008002caa                raw_hid_receive
 .text.keycode_at_keymap_location_raw
                0x0000000008002cb8       0x28 .build/obj_keychron_k8_pro_ansi_rgb_custom/quantum/keymap_introspection.o
                0x0000000008002cb8                keycode_at_keymap_location_raw
 .text.keycode_at_keymap_location
                0x0000000008002ce0        0x4 .build/obj_keychron_k8_pro_ansi_rgb_custom/quantum/keymap_introspection.o
                0x0000000008002ce0                keycode_at_keymap_location
 .text.process_action_kb
                0x0000000008002ce4        0x4 .build/obj_keychron_k8_pro_ansi_rgb_custom/quantum/quantum.o
                0x0000000008002ce4                process_action_kb
 .text.process_record_user
                0x0000000008002ce8        0x4 .build/obj_keychron_k8_pro_ansi_rgb_custom/quantum/quantum.o
                0x0000000008002ce8                process_record_user
 .text.post_process_record_user
                0x0000000008002cec        0x2 .build/obj_keychron_k8_pro_ansi_rgb_custom/quantum/quantum.o
                0x0000000008002cec                post_process_record_user
 .text.post_process_record_kb
                0x0000000008002cee        0x8 .build/obj_keychron_k8_pro_ansi_rgb_custom/quantum/quantum.o
                0x0000000008002cee                post_process_record_kb
 *fill*         0x0000000008002cf6        0x2 
 .text.get_event_keycode
                0x0000000008002cf8       0x4c .build/obj_keychron_k8_pro_ansi_rgb_custom/quantum/quantum.o
                0x0000000008002cf8                get_event_keycode
 .text.get_record_keycode
                0x0000000008002d44       0x18 .build/obj_keychron_k8_pro_ansi_rgb_custom/quantum/quantum.o
                0x0000000008002d44                get_record_keycode
 .text.pre_process_record_quantum
                0x0000000008002d5c        0x4 .build/obj_keychron_k8_pro_ansi_rgb_custom/quantum/quantum.o
                0x0000000008002d5c                pre_process_record_quantum
 .text.post_process_record_quantum
                0x0000000008002d60       0x12 .build/obj_keychron_k8_pro_ansi_rgb_custom/quantum/quantum.o
                0x0000000008002d60                post_process_record_quantum
 .text.shutdown_user
                0x0000000008002d72        0x2 .build/obj_keychron_k8_pro_ansi_rgb_custom/quantum/quantum.o
                0x0000000008002d72                shutdown_user
 .text.shutdown_quantum
                0x0000000008002d74       0x16 .build/obj_keychron_k8_pro_ansi_rgb_custom/quantum/quantum.o
                0x0000000008002d74                shutdown_quantum
 .text.reset_keyboard
                0x0000000008002d8a        0xe .build/obj_keychron_k8_pro_ansi_rgb_custom/quantum/quantum.o
                0x0000000008002d8a                reset_keyboard
 .text.soft_reset_keyboard
                0x0000000008002d98        0xe .build/obj_keychron_k8_pro_ansi_rgb_custom/quantum/quantum.o
                0x0000000008002d98                soft_reset_keyboard
 .text.process_record_quantum
                0x0000000008002da6       0x9c .build/obj_keychron_k8_pro_ansi_rgb_custom/quantum/quantum.o
                0x0000000008002da6                process_record_quantum
 .text.suspend_power_down_quantum
                0x0000000008002e42       0x18 .build/obj_keychron_k8_pro_ansi_rgb_custom/quantum/quantum.o
                0x0000000008002e42                suspend_power_down_quantum
 .text.suspend_wakeup_init_quantum
                0x0000000008002e5a       0x14 .build/obj_keychron_k8_pro_ansi_rgb_custom/quantum/quantum.o
                0x0000000008002e5a                suspend_wakeup_init_quantum
 .text.led_set_user
                0x0000000008002e6e        0x2 .build/obj_keychron_k8_pro_ansi_rgb_custom/quantum/led.o
                0x0000000008002e6e                led_set_user
 .text.led_update_user
                0x0000000008002e70        0x4 .build/obj_keychron_k8_pro_ansi_rgb_custom/quantum/led.o
                0x0000000008002e70                led_update_user
 .text.led_update_ports
                0x0000000008002e74       0x14 .build/obj_keychron_k8_pro_ansi_rgb_custom/quantum/led.o
                0x0000000008002e74                led_update_ports
 .text.led_init_ports
                0x0000000008002e88       0x18 .build/obj_keychron_k8_pro_ansi_rgb_custom/quantum/led.o
                0x0000000008002e88                led_init_ports
 .text.led_set  0x0000000008002ea0       0x10 .build/obj_keychron_k8_pro_ansi_rgb_custom/quantum/led.o
                0x0000000008002ea0                led_set
 .text.led_suspend
                0x0000000008002eb0        0xa .build/obj_keychron_k8_pro_ansi_rgb_custom/quantum/led.o
                0x0000000008002eb0                led_suspend
 .text.led_wakeup
                0x0000000008002eba        0xc .build/obj_keychron_k8_pro_ansi_rgb_custom/quantum/led.o
                0x0000000008002eba                led_wakeup
 *fill*         0x0000000008002ec6        0x2 
 .text.led_task
                0x0000000008002ec8       0x2c .build/obj_keychron_k8_pro_ansi_rgb_custom/quantum/led.o
                0x0000000008002ec8                led_task
 .text.action_exec
                0x0000000008002ef4       0x52 .build/obj_keychron_k8_pro_ansi_rgb_custom/quantum/action.o
                0x0000000008002ef4                action_exec
 .text.process_record_tap_hint
                0x0000000008002f46        0x6 .build/obj_keychron_k8_pro_ansi_rgb_custom/quantum/action.o
                0x0000000008002f46                process_record_tap_hint
 .text.register_mouse
                0x0000000008002f4c       0x16 .build/obj_keychron_k8_pro_ansi_rgb_custom/quantum/action.o
                0x0000000008002f4c                register_mouse
 *fill*         0x0000000008002f62        0x2 
 .text.register_code
                0x0000000008002f64       0x9c .build/obj_keychron_k8_pro_ansi_rgb_custom/quantum/action.o
                0x0000000008002f64                register_code
 .text.unregister_code
                0x0000000008003000       0x72 .build/obj_keychron_k8_pro_ansi_rgb_custom/quantum/action.o
                0x0000000008003000                unregister_code
 .text.tap_code_delay
                0x0000000008003072       0x20 .build/obj_keychron_k8_pro_ansi_rgb_custom/quantum/action.o
                0x0000000008003072                tap_code_delay
 .text.tap_code
                0x0000000008003092       0x10 .build/obj_keychron_k8_pro_ansi_rgb_custom/quantum/action.o
                0x0000000008003092                tap_code
 .text.register_mods
                0x00000000080030a2       0x12 .build/obj_keychron_k8_pro_ansi_rgb_custom/quantum/action.o
                0x00000000080030a2                register_mods
 .text.unregister_mods
                0x00000000080030b4       0x12 .build/obj_keychron_k8_pro_ansi_rgb_custom/quantum/action.o
                0x00000000080030b4                unregister_mods
 *fill*         0x00000000080030c6        0x2 
 .text.process_action
                0x00000000080030c8      0x3c8 .build/obj_keychron_k8_pro_ansi_rgb_custom/quantum/action.o
                0x00000000080030c8                process_action
 .text.process_record_handler
                0x0000000008003490       0x22 .build/obj_keychron_k8_pro_ansi_rgb_custom/quantum/action.o
                0x0000000008003490                process_record_handler
 *fill*         0x00000000080034b2        0x2 
 .text.process_record
                0x00000000080034b4       0x58 .build/obj_keychron_k8_pro_ansi_rgb_custom/quantum/action.o
                0x00000000080034b4                process_record
 .text.clear_keyboard_but_mods_and_keys
                0x000000000800350c       0x22 .build/obj_keychron_k8_pro_ansi_rgb_custom/quantum/action.o
                0x000000000800350c                clear_keyboard_but_mods_and_keys
 .text.clear_keyboard_but_mods
                0x000000000800352e        0xe .build/obj_keychron_k8_pro_ansi_rgb_custom/quantum/action.o
                0x000000000800352e                clear_keyboard_but_mods
 .text.clear_keyboard
                0x000000000800353c        0xe .build/obj_keychron_k8_pro_ansi_rgb_custom/quantum/action.o
                0x000000000800353c                clear_keyboard
 .text.is_tap_action
                0x000000000800354a       0x42 .build/obj_keychron_k8_pro_ansi_rgb_custom/quantum/action.o
                0x000000000800354a                is_tap_action
 .text.is_tap_record
                0x000000000800358c       0x34 .build/obj_keychron_k8_pro_ansi_rgb_custom/quantum/action.o
                0x000000000800358c                is_tap_record
 .text.debug_event
                0x00000000080035c0        0xc .build/obj_keychron_k8_pro_ansi_rgb_custom/quantum/action.o
                0x00000000080035c0                debug_event
 .text.debug_record
                0x00000000080035cc        0xc .build/obj_keychron_k8_pro_ansi_rgb_custom/quantum/action.o
                0x00000000080035cc                debug_record
 .text.default_layer_state_set_user
                0x00000000080035d8        0x2 .build/obj_keychron_k8_pro_ansi_rgb_custom/quantum/action_layer.o
                0x00000000080035d8                default_layer_state_set_user
 .text.default_layer_state_set_kb
                0x00000000080035da        0x8 .build/obj_keychron_k8_pro_ansi_rgb_custom/quantum/action_layer.o
                0x00000000080035da                default_layer_state_set_kb
 *fill*         0x00000000080035e2        0x2 
 .text.default_layer_state_set
                0x00000000080035e4       0x10 .build/obj_keychron_k8_pro_ansi_rgb_custom/quantum/action_layer.o
 .text.default_layer_debug
                0x00000000080035f4        0x2 .build/obj_keychron_k8_pro_ansi_rgb_custom/quantum/action_layer.o
                0x00000000080035f4                default_layer_debug
 .text.default_layer_set
                0x00000000080035f6        0x4 .build/obj_keychron_k8_pro_ansi_rgb_custom/quantum/action_layer.o
                0x00000000080035f6                default_layer_set
 *fill*         0x00000000080035fa        0x2 
 .text.default_layer_or
                0x00000000080035fc       0x10 .build/obj_keychron_k8_pro_ansi_rgb_custom/quantum/action_layer.o
                0x00000000080035fc                default_layer_or
 .text.default_layer_and
                0x000000000800360c       0x10 .build/obj_keychron_k8_pro_ansi_rgb_custom/quantum/action_layer.o
                0x000000000800360c                default_layer_and
 .text.default_layer_xor
                0x000000000800361c       0x10 .build/obj_keychron_k8_pro_ansi_rgb_custom/quantum/action_layer.o
                0x000000000800361c                default_layer_xor
 .text.layer_state_set_user
                0x000000000800362c        0x2 .build/obj_keychron_k8_pro_ansi_rgb_custom/quantum/action_layer.o
                0x000000000800362c                layer_state_set_user
 .text.layer_state_set_kb
                0x000000000800362e        0x8 .build/obj_keychron_k8_pro_ansi_rgb_custom/quantum/action_layer.o
                0x000000000800362e                layer_state_set_kb
 *fill*         0x0000000008003636        0x2 
 .text.layer_state_set
                0x0000000008003638       0x10 .build/obj_keychron_k8_pro_ansi_rgb_custom/quantum/action_layer.o
                0x0000000008003638                layer_state_set
 .text.layer_clear
                0x0000000008003648        0x6 .build/obj_keychron_k8_pro_ansi_rgb_custom/quantum/action_layer.o
                0x0000000008003648                layer_clear
 .text.layer_move
                0x000000000800364e        0xc .build/obj_keychron_k8_pro_ansi_rgb_custom/quantum/action_layer.o
                0x000000000800364e                layer_move
 *fill*         0x000000000800365a        0x2 
 .text.layer_on
                0x000000000800365c       0x18 .build/obj_keychron_k8_pro_ansi_rgb_custom/quantum/action_layer.o
                0x000000000800365c                layer_on
 .text.layer_off
                0x0000000008003674       0x14 .build/obj_keychron_k8_pro_ansi_rgb_custom/quantum/action_layer.o
                0x0000000008003674                layer_off
 .text.layer_invert
                0x0000000008003688       0x18 .build/obj_keychron_k8_pro_ansi_rgb_custom/quantum/action_layer.o
                0x0000000008003688                layer_invert
 .text.layer_or
                0x00000000080036a0       0x10 .build/obj_keychron_k8_pro_ansi_rgb_custom/quantum/action_layer.o
                0x00000000080036a0                layer_or
 .text.layer_and
                0x00000000080036b0       0x10 .build/obj_keychron_k8_pro_ansi_rgb_custom/quantum/action_layer.o
                0x00000000080036b0                layer_and
 .text.layer_xor
                0x00000000080036c0       0x10 .build/obj_keychron_k8_pro_ansi_rgb_custom/quantum/action_layer.o
                0x00000000080036c0                layer_xor
 .text.layer_debug
                0x00000000080036d0        0x2 .build/obj_keychron_k8_pro_ansi_rgb_custom/quantum/action_layer.o
                0x00000000080036d0                layer_debug
 .text.update_source_layers_cache_impl
                0x00000000080036d2       0x32 .build/obj_keychron_k8_pro_ansi_rgb_custom/quantum/action_layer.o
                0x00000000080036d2                update_source_layers_cache_impl
 .text.read_source_layers_cache_impl
                0x0000000008003704       0x26 .build/obj_keychron_k8_pro_ansi_rgb_custom/quantum/action_layer.o
                0x0000000008003704                read_source_layers_cache_impl
 *fill*         0x000000000800372a        0x2 
 .text.update_source_layers_cache
                0x000000000800372c       0x38 .build/obj_keychron_k8_pro_ansi_rgb_custom/quantum/action_layer.o
                0x000000000800372c                update_source_layers_cache
 .text.read_source_layers_cache
                0x0000000008003764       0x30 .build/obj_keychron_k8_pro_ansi_rgb_custom/quantum/action_layer.o
                0x0000000008003764                read_source_layers_cache
 .text.layer_switch_get_layer
                0x0000000008003794       0x44 .build/obj_keychron_k8_pro_ansi_rgb_custom/quantum/action_layer.o
                0x0000000008003794                layer_switch_get_layer
 .text.layer_switch_get_action
                0x00000000080037d8       0x18 .build/obj_keychron_k8_pro_ansi_rgb_custom/quantum/action_layer.o
                0x00000000080037d8                layer_switch_get_action
 .text.store_or_get_action
                0x00000000080037f0       0x48 .build/obj_keychron_k8_pro_ansi_rgb_custom/quantum/action_layer.o
                0x00000000080037f0                store_or_get_action
 .text.IS_EVENT
                0x0000000008003838       0x2e .build/obj_keychron_k8_pro_ansi_rgb_custom/quantum/action_tapping.o
 *fill*         0x0000000008003866        0x2 
 .text.debug_waiting_buffer
                0x0000000008003868       0x40 .build/obj_keychron_k8_pro_ansi_rgb_custom/quantum/action_tapping.o
 .text.debug_tapping_key
                0x00000000080038a8       0x20 .build/obj_keychron_k8_pro_ansi_rgb_custom/quantum/action_tapping.o
 .text.waiting_buffer_scan_tap
                0x00000000080038c8       0x98 .build/obj_keychron_k8_pro_ansi_rgb_custom/quantum/action_tapping.o
 .text.waiting_buffer_typed.isra.0
                0x0000000008003960       0x44 .build/obj_keychron_k8_pro_ansi_rgb_custom/quantum/action_tapping.o
 .text.process_tapping
                0x00000000080039a4      0x268 .build/obj_keychron_k8_pro_ansi_rgb_custom/quantum/action_tapping.o
 .text.action_tapping_process
                0x0000000008003c0c       0xd4 .build/obj_keychron_k8_pro_ansi_rgb_custom/quantum/action_tapping.o
                0x0000000008003c0c                action_tapping_process
 .text.add_key  0x0000000008003ce0       0x10 .build/obj_keychron_k8_pro_ansi_rgb_custom/quantum/action_util.o
                0x0000000008003ce0                add_key
 .text.del_key  0x0000000008003cf0       0x10 .build/obj_keychron_k8_pro_ansi_rgb_custom/quantum/action_util.o
                0x0000000008003cf0                del_key
 .text.clear_keys
                0x0000000008003d00        0xc .build/obj_keychron_k8_pro_ansi_rgb_custom/quantum/action_util.o
                0x0000000008003d00                clear_keys
 .text.get_oneshot_layer
                0x0000000008003d0c       0x10 .build/obj_keychron_k8_pro_ansi_rgb_custom/quantum/action_util.o
                0x0000000008003d0c                get_oneshot_layer
 .text.get_oneshot_layer_state
                0x0000000008003d1c       0x10 .build/obj_keychron_k8_pro_ansi_rgb_custom/quantum/action_util.o
                0x0000000008003d1c                get_oneshot_layer_state
 .text.is_oneshot_layer_active
                0x0000000008003d2c       0x14 .build/obj_keychron_k8_pro_ansi_rgb_custom/quantum/action_util.o
                0x0000000008003d2c                is_oneshot_layer_active
 .text.get_mods
                0x0000000008003d40        0xc .build/obj_keychron_k8_pro_ansi_rgb_custom/quantum/action_util.o
                0x0000000008003d40                get_mods
 .text.add_mods
                0x0000000008003d4c       0x10 .build/obj_keychron_k8_pro_ansi_rgb_custom/quantum/action_util.o
                0x0000000008003d4c                add_mods
 .text.del_mods
                0x0000000008003d5c       0x10 .build/obj_keychron_k8_pro_ansi_rgb_custom/quantum/action_util.o
                0x0000000008003d5c                del_mods
 .text.clear_mods
                0x0000000008003d6c        0xc .build/obj_keychron_k8_pro_ansi_rgb_custom/quantum/action_util.o
                0x0000000008003d6c                clear_mods
 .text.add_weak_mods
                0x0000000008003d78       0x10 .build/obj_keychron_k8_pro_ansi_rgb_custom/quantum/action_util.o
                0x0000000008003d78                add_weak_mods
 .text.del_weak_mods
                0x0000000008003d88       0x10 .build/obj_keychron_k8_pro_ansi_rgb_custom/quantum/action_util.o
                0x0000000008003d88                del_weak_mods
 .text.clear_weak_mods
                0x0000000008003d98        0xc .build/obj_keychron_k8_pro_ansi_rgb_custom/quantum/action_util.o
                0x0000000008003d98                clear_weak_mods
 .text.get_oneshot_mods
                0x0000000008003da4        0xc .build/obj_keychron_k8_pro_ansi_rgb_custom/quantum/action_util.o
                0x0000000008003da4                get_oneshot_mods
 .text.oneshot_mods_changed_user
                0x0000000008003db0        0x2 .build/obj_keychron_k8_pro_ansi_rgb_custom/quantum/action_util.o
                0x0000000008003db0                oneshot_mods_changed_user
 .text.oneshot_mods_changed_kb
                0x0000000008003db2        0x8 .build/obj_keychron_k8_pro_ansi_rgb_custom/quantum/action_util.o
                0x0000000008003db2                oneshot_mods_changed_kb
 *fill*         0x0000000008003dba        0x2 
 .text.set_oneshot_mods
                0x0000000008003dbc       0x24 .build/obj_keychron_k8_pro_ansi_rgb_custom/quantum/action_util.o
                0x0000000008003dbc                set_oneshot_mods
 .text.clear_oneshot_mods
                0x0000000008003de0       0x18 .build/obj_keychron_k8_pro_ansi_rgb_custom/quantum/action_util.o
                0x0000000008003de0                clear_oneshot_mods
 .text.send_keyboard_report
                0x0000000008003df8       0x60 .build/obj_keychron_k8_pro_ansi_rgb_custom/quantum/action_util.o
                0x0000000008003df8                send_keyboard_report
 .text.oneshot_layer_changed_user
                0x0000000008003e58        0x2 .build/obj_keychron_k8_pro_ansi_rgb_custom/quantum/action_util.o
                0x0000000008003e58                oneshot_layer_changed_user
 .text.oneshot_layer_changed_kb
                0x0000000008003e5a        0x8 .build/obj_keychron_k8_pro_ansi_rgb_custom/quantum/action_util.o
                0x0000000008003e5a                oneshot_layer_changed_kb
 *fill*         0x0000000008003e62        0x2 
 .text.set_oneshot_layer
                0x0000000008003e64       0x34 .build/obj_keychron_k8_pro_ansi_rgb_custom/quantum/action_util.o
                0x0000000008003e64                set_oneshot_layer
 .text.reset_oneshot_layer
                0x0000000008003e98       0x14 .build/obj_keychron_k8_pro_ansi_rgb_custom/quantum/action_util.o
                0x0000000008003e98                reset_oneshot_layer
 .text.clear_oneshot_layer_state
                0x0000000008003eac       0x3c .build/obj_keychron_k8_pro_ansi_rgb_custom/quantum/action_util.o
                0x0000000008003eac                clear_oneshot_layer_state
 .text.oneshot_set
                0x0000000008003ee8       0x2c .build/obj_keychron_k8_pro_ansi_rgb_custom/quantum/action_util.o
                0x0000000008003ee8                oneshot_set
 .text.oneshot_toggle
                0x0000000008003f14       0x18 .build/obj_keychron_k8_pro_ansi_rgb_custom/quantum/action_util.o
                0x0000000008003f14                oneshot_toggle
 .text.oneshot_enable
                0x0000000008003f2c        0x6 .build/obj_keychron_k8_pro_ansi_rgb_custom/quantum/action_util.o
                0x0000000008003f2c                oneshot_enable
 .text.oneshot_disable
                0x0000000008003f32        0x6 .build/obj_keychron_k8_pro_ansi_rgb_custom/quantum/action_util.o
                0x0000000008003f32                oneshot_disable
 .text.eeconfig_disable
                0x0000000008003f38       0x14 .build/obj_keychron_k8_pro_ansi_rgb_custom/quantum/eeconfig.o
                0x0000000008003f38                eeconfig_disable
 .text.eeconfig_is_enabled
                0x0000000008003f4c       0x14 .build/obj_keychron_k8_pro_ansi_rgb_custom/quantum/eeconfig.o
                0x0000000008003f4c                eeconfig_is_enabled
 .text.eeconfig_read_debug
                0x0000000008003f60        0x6 .build/obj_keychron_k8_pro_ansi_rgb_custom/quantum/eeconfig.o
                0x0000000008003f60                eeconfig_read_debug
 .text.eeconfig_read_default_layer
                0x0000000008003f66        0x6 .build/obj_keychron_k8_pro_ansi_rgb_custom/quantum/eeconfig.o
                0x0000000008003f66                eeconfig_read_default_layer
 .text.eeconfig_read_keymap
                0x0000000008003f6c        0x6 .build/obj_keychron_k8_pro_ansi_rgb_custom/quantum/eeconfig.o
                0x0000000008003f6c                eeconfig_read_keymap
 .text.eeconfig_update_keymap
                0x0000000008003f72        0x8 .build/obj_keychron_k8_pro_ansi_rgb_custom/quantum/eeconfig.o
                0x0000000008003f72                eeconfig_update_keymap
 .text.eeconfig_update_kb
                0x0000000008003f7a        0x8 .build/obj_keychron_k8_pro_ansi_rgb_custom/quantum/eeconfig.o
                0x0000000008003f7a                eeconfig_update_kb
 .text.eeconfig_update_user
                0x0000000008003f82        0x8 .build/obj_keychron_k8_pro_ansi_rgb_custom/quantum/eeconfig.o
                0x0000000008003f82                eeconfig_update_user
 .text.eeconfig_init_user
                0x0000000008003f8a        0x6 .build/obj_keychron_k8_pro_ansi_rgb_custom/quantum/eeconfig.o
                0x0000000008003f8a                eeconfig_init_user
 .text.eeconfig_init_kb
                0x0000000008003f90        0xe .build/obj_keychron_k8_pro_ansi_rgb_custom/quantum/eeconfig.o
                0x0000000008003f90                eeconfig_init_kb
 *fill*         0x0000000008003f9e        0x2 
 .text.eeconfig_init_quantum
                0x0000000008003fa0       0x84 .build/obj_keychron_k8_pro_ansi_rgb_custom/quantum/eeconfig.o
                0x0000000008003fa0                eeconfig_init_quantum
 .text.eeconfig_init
                0x0000000008004024        0x4 .build/obj_keychron_k8_pro_ansi_rgb_custom/quantum/eeconfig.o
                0x0000000008004024                eeconfig_init
 .text.eeconfig_update_handedness
                0x0000000008004028        0x8 .build/obj_keychron_k8_pro_ansi_rgb_custom/quantum/eeconfig.o
                0x0000000008004028                eeconfig_update_handedness
 .text.generate_tick_event
                0x0000000008004030       0x40 .build/obj_keychron_k8_pro_ansi_rgb_custom/quantum/keyboard.o
 .text.last_matrix_activity_trigger
                0x0000000008004070       0x18 .build/obj_keychron_k8_pro_ansi_rgb_custom/quantum/keyboard.o
                0x0000000008004070                last_matrix_activity_trigger
 .text.matrix_setup
                0x0000000008004088        0x2 .build/obj_keychron_k8_pro_ansi_rgb_custom/quantum/keyboard.o
                0x0000000008004088                matrix_setup
 .text.keyboard_pre_init_user
                0x000000000800408a        0x2 .build/obj_keychron_k8_pro_ansi_rgb_custom/quantum/keyboard.o
                0x000000000800408a                keyboard_pre_init_user
 .text.keyboard_pre_init_kb
                0x000000000800408c        0x8 .build/obj_keychron_k8_pro_ansi_rgb_custom/quantum/keyboard.o
                0x000000000800408c                keyboard_pre_init_kb
 .text.keyboard_post_init_user
                0x0000000008004094        0x2 .build/obj_keychron_k8_pro_ansi_rgb_custom/quantum/keyboard.o
                0x0000000008004094                keyboard_post_init_user
 .text.matrix_can_read
                0x0000000008004096        0x4 .build/obj_keychron_k8_pro_ansi_rgb_custom/quantum/keyboard.o
                0x0000000008004096                matrix_can_read
 *fill*         0x000000000800409a        0x2 
 .text.keyboard_setup
                0x000000000800409c       0x24 .build/obj_keychron_k8_pro_ansi_rgb_custom/quantum/keyboard.o
                0x000000000800409c                keyboard_setup
 .text.is_keyboard_master
                0x00000000080040c0        0x4 .build/obj_keychron_k8_pro_ansi_rgb_custom/quantum/keyboard.o
                0x00000000080040c0                is_keyboard_master
 .text.should_process_keypress
                0x00000000080040c4        0x8 .build/obj_keychron_k8_pro_ansi_rgb_custom/quantum/keyboard.o
                0x00000000080040c4                should_process_keypress
 .text.housekeeping_task_user
                0x00000000080040cc        0x2 .build/obj_keychron_k8_pro_ansi_rgb_custom/quantum/keyboard.o
                0x00000000080040cc                housekeeping_task_user
 .text.housekeeping_task
                0x00000000080040ce        0xc .build/obj_keychron_k8_pro_ansi_rgb_custom/quantum/keyboard.o
                0x00000000080040ce                housekeeping_task
 .text.quantum_init
                0x00000000080040da       0x12 .build/obj_keychron_k8_pro_ansi_rgb_custom/quantum/keyboard.o
                0x00000000080040da                quantum_init
 .text.keyboard_init
                0x00000000080040ec       0x18 .build/obj_keychron_k8_pro_ansi_rgb_custom/quantum/keyboard.o
                0x00000000080040ec                keyboard_init
 .text.quantum_task
                0x0000000008004104        0x6 .build/obj_keychron_k8_pro_ansi_rgb_custom/quantum/keyboard.o
                0x0000000008004104                quantum_task
 *fill*         0x000000000800410a        0x2 
 .text.keyboard_task
                0x000000000800410c       0xe8 .build/obj_keychron_k8_pro_ansi_rgb_custom/quantum/keyboard.o
                0x000000000800410c                keyboard_task
 .text.action_for_keycode
                0x00000000080041f4      0x1b4 .build/obj_keychron_k8_pro_ansi_rgb_custom/quantum/keymap_common.o
                0x00000000080041f4                action_for_keycode
 .text.keymap_key_to_keycode
                0x00000000080043a8       0x22 .build/obj_keychron_k8_pro_ansi_rgb_custom/quantum/keymap_common.o
                0x00000000080043a8                keymap_key_to_keycode
 .text.action_for_key
                0x00000000080043ca       0x16 .build/obj_keychron_k8_pro_ansi_rgb_custom/quantum/keymap_common.o
                0x00000000080043ca                action_for_key
 .text.keycode_config
                0x00000000080043e0      0x10c .build/obj_keychron_k8_pro_ansi_rgb_custom/quantum/keycode_config.o
                0x00000000080043e0                keycode_config
 .text.mod_config
                0x00000000080044ec       0xac .build/obj_keychron_k8_pro_ansi_rgb_custom/quantum/keycode_config.o
                0x00000000080044ec                mod_config
 .text.sendchar
                0x0000000008004598        0x4 .build/obj_keychron_k8_pro_ansi_rgb_custom/quantum/logging/sendchar.o
                0x0000000008004598                sendchar
 .text.null_sendchar_func
                0x000000000800459c        0x4 .build/obj_keychron_k8_pro_ansi_rgb_custom/quantum/logging/print.o
 .text.print_set_sendchar
                0x00000000080045a0        0xc .build/obj_keychron_k8_pro_ansi_rgb_custom/quantum/logging/print.o
                0x00000000080045a0                print_set_sendchar
 .text.bootmagic_lite_reset_eeprom
                0x00000000080045ac        0x4 .build/obj_keychron_k8_pro_ansi_rgb_custom/quantum/bootmagic/bootmagic_lite.o
                0x00000000080045ac                bootmagic_lite_reset_eeprom
 .text.bootmagic_lite
                0x00000000080045b0       0x2a .build/obj_keychron_k8_pro_ansi_rgb_custom/quantum/bootmagic/bootmagic_lite.o
                0x00000000080045b0                bootmagic_lite
 .text.bootmagic
                0x00000000080045da        0x8 .build/obj_keychron_k8_pro_ansi_rgb_custom/quantum/bootmagic/bootmagic_lite.o
                0x00000000080045da                bootmagic
 *fill*         0x00000000080045e2        0x2 
 .text.magic    0x00000000080045e4       0x40 .build/obj_keychron_k8_pro_ansi_rgb_custom/quantum/bootmagic/magic.o
                0x00000000080045e4                magic
 .text.matrix_init_user
                0x0000000008004624        0x2 .build/obj_keychron_k8_pro_ansi_rgb_custom/quantum/matrix_common.o
                0x0000000008004624                matrix_init_user
 .text.matrix_init_kb
                0x0000000008004626        0x8 .build/obj_keychron_k8_pro_ansi_rgb_custom/quantum/matrix_common.o
                0x0000000008004626                matrix_init_kb
 .text.matrix_scan_user
                0x000000000800462e        0x2 .build/obj_keychron_k8_pro_ansi_rgb_custom/quantum/matrix_common.o
                0x000000000800462e                matrix_scan_user
 .text.matrix_get_row
                0x0000000008004630        0xc .build/obj_keychron_k8_pro_ansi_rgb_custom/quantum/matrix_common.o
                0x0000000008004630                matrix_get_row
 .text.matrix_print
                0x000000000800463c        0x2 .build/obj_keychron_k8_pro_ansi_rgb_custom/quantum/matrix_common.o
                0x000000000800463c                matrix_print
 *fill*         0x000000000800463e        0x2 
 .text.matrix_init
                0x0000000008004640       0x30 .build/obj_keychron_k8_pro_ansi_rgb_custom/quantum/matrix_common.o
                0x0000000008004640                matrix_init
 .text.matrix_scan
                0x0000000008004670       0x28 .build/obj_keychron_k8_pro_ansi_rgb_custom/quantum/matrix_common.o
                0x0000000008004670                matrix_scan
 .text.debounce_init
                0x0000000008004698        0x2 .build/obj_keychron_k8_pro_ansi_rgb_custom/quantum/debounce/sym_defer_g.o
                0x0000000008004698                debounce_init
 *fill*         0x000000000800469a        0x2 
 .text.debounce
                0x000000000800469c       0x64 .build/obj_keychron_k8_pro_ansi_rgb_custom/quantum/debounce/sym_defer_g.o
                0x000000000800469c                debounce
 .text.debounce_free
                0x0000000008004700        0x2 .build/obj_keychron_k8_pro_ansi_rgb_custom/quantum/debounce/sym_defer_g.o
                0x0000000008004700                debounce_free
 .text.protocol_init
                0x0000000008004702       0x12 .build/obj_keychron_k8_pro_ansi_rgb_custom/quantum/main.o
                0x0000000008004702                protocol_init
 .text.protocol_task
                0x0000000008004714       0x12 .build/obj_keychron_k8_pro_ansi_rgb_custom/quantum/main.o
                0x0000000008004714                protocol_task
 .text.startup.main
                0x0000000008004726       0x1c .build/obj_keychron_k8_pro_ansi_rgb_custom/quantum/main.o
                0x0000000008004726                main
 *fill*         0x0000000008004742        0x2 
 .text.move_unit
                0x0000000008004744       0x6c .build/obj_keychron_k8_pro_ansi_rgb_custom/quantum/mousekey.o
 .text.wheel_unit
                0x00000000080047b0       0x64 .build/obj_keychron_k8_pro_ansi_rgb_custom/quantum/mousekey.o
 .text.mousekey_on
                0x0000000008004814       0xa4 .build/obj_keychron_k8_pro_ansi_rgb_custom/quantum/mousekey.o
                0x0000000008004814                mousekey_on
 .text.mousekey_off
                0x00000000080048b8      0x118 .build/obj_keychron_k8_pro_ansi_rgb_custom/quantum/mousekey.o
                0x00000000080048b8                mousekey_off
 .text.mousekey_send
                0x00000000080049d0       0x38 .build/obj_keychron_k8_pro_ansi_rgb_custom/quantum/mousekey.o
                0x00000000080049d0                mousekey_send
 .text.mousekey_clear
                0x0000000008004a08       0x2c .build/obj_keychron_k8_pro_ansi_rgb_custom/quantum/mousekey.o
                0x0000000008004a08                mousekey_clear
 .text.should_mousekey_report_send
                0x0000000008004a34       0x22 .build/obj_keychron_k8_pro_ansi_rgb_custom/quantum/mousekey.o
                0x0000000008004a34                should_mousekey_report_send
 *fill*         0x0000000008004a56        0x2 
 .text.mousekey_task
                0x0000000008004a58      0x184 .build/obj_keychron_k8_pro_ansi_rgb_custom/quantum/mousekey.o
                0x0000000008004a58                mousekey_task
 .text.eeprom_read_byte
                0x0000000008004bdc       0x1e .build/obj_keychron_k8_pro_ansi_rgb_custom/eeprom_driver.o
                0x0000000008004bdc                eeprom_read_byte
 .text.eeprom_read_word
                0x0000000008004bfa       0x1e .build/obj_keychron_k8_pro_ansi_rgb_custom/eeprom_driver.o
                0x0000000008004bfa                eeprom_read_word
 .text.eeprom_read_dword
                0x0000000008004c18       0x1a .build/obj_keychron_k8_pro_ansi_rgb_custom/eeprom_driver.o
                0x0000000008004c18                eeprom_read_dword
 .text.eeprom_write_byte
                0x0000000008004c32       0x18 .build/obj_keychron_k8_pro_ansi_rgb_custom/eeprom_driver.o
                0x0000000008004c32                eeprom_write_byte
 .text.eeprom_write_word
                0x0000000008004c4a       0x18 .build/obj_keychron_k8_pro_ansi_rgb_custom/eeprom_driver.o
                0x0000000008004c4a                eeprom_write_word
 .text.eeprom_write_dword
                0x0000000008004c62       0x16 .build/obj_keychron_k8_pro_ansi_rgb_custom/eeprom_driver.o
                0x0000000008004c62                eeprom_write_dword
 .text.eeprom_update_block
                0x0000000008004c78       0x34 .build/obj_keychron_k8_pro_ansi_rgb_custom/eeprom_driver.o
                0x0000000008004c78                eeprom_update_block
 .text.eeprom_update_byte
                0x0000000008004cac       0x1c .build/obj_keychron_k8_pro_ansi_rgb_custom/eeprom_driver.o
                0x0000000008004cac                eeprom_update_byte
 .text.eeprom_update_word
                0x0000000008004cc8       0x1c .build/obj_keychron_k8_pro_ansi_rgb_custom/eeprom_driver.o
                0x0000000008004cc8                eeprom_update_word
 .text.eeprom_update_dword
                0x0000000008004ce4       0x1c .build/obj_keychron_k8_pro_ansi_rgb_custom/eeprom_driver.o
                0x0000000008004ce4                eeprom_update_dword
 .text.eeprom_clear
                0x0000000008004d00       0x40 .build/obj_keychron_k8_pro_ansi_rgb_custom/platforms/chibios/eeprom_stm32_l4.o
 .text.eeprom_write_direct_entry
                0x0000000008004d40       0x5c .build/obj_keychron_k8_pro_ansi_rgb_custom/platforms/chibios/eeprom_stm32_l4.o
 .text.eeprom_compact
                0x0000000008004d9c       0x4c .build/obj_keychron_k8_pro_ansi_rgb_custom/platforms/chibios/eeprom_stm32_l4.o
 .text.blank_check
                0x0000000008004de8       0x38 .build/obj_keychron_k8_pro_ansi_rgb_custom/platforms/chibios/eeprom_stm32_l4.o
 .text.EEPROM_Init
                0x0000000008004e20       0x84 .build/obj_keychron_k8_pro_ansi_rgb_custom/platforms/chibios/eeprom_stm32_l4.o
                0x0000000008004e20                EEPROM_Init
 .text.EEPROM_Erase
                0x0000000008004ea4        0xe .build/obj_keychron_k8_pro_ansi_rgb_custom/platforms/chibios/eeprom_stm32_l4.o
                0x0000000008004ea4                EEPROM_Erase
 *fill*         0x0000000008004eb2        0x2 
 .text.EEPROM_WriteDataByte
                0x0000000008004eb4       0x68 .build/obj_keychron_k8_pro_ansi_rgb_custom/platforms/chibios/eeprom_stm32_l4.o
                0x0000000008004eb4                EEPROM_WriteDataByte
 .text.EEPROM_WriteDataWord
                0x0000000008004f1c       0x6c .build/obj_keychron_k8_pro_ansi_rgb_custom/platforms/chibios/eeprom_stm32_l4.o
                0x0000000008004f1c                EEPROM_WriteDataWord
 .text.EEPROM_WriteDataDWord
                0x0000000008004f88       0x6c .build/obj_keychron_k8_pro_ansi_rgb_custom/platforms/chibios/eeprom_stm32_l4.o
                0x0000000008004f88                EEPROM_WriteDataDWord
 .text.EEPROM_ReadDataByte
                0x0000000008004ff4       0x14 .build/obj_keychron_k8_pro_ansi_rgb_custom/platforms/chibios/eeprom_stm32_l4.o
                0x0000000008004ff4                EEPROM_ReadDataByte
 .text.EEPROM_ReadDataWord
                0x0000000008005008       0x28 .build/obj_keychron_k8_pro_ansi_rgb_custom/platforms/chibios/eeprom_stm32_l4.o
                0x0000000008005008                EEPROM_ReadDataWord
 .text.eeprom_driver_init
                0x0000000008005030        0x4 .build/obj_keychron_k8_pro_ansi_rgb_custom/platforms/chibios/eeprom_stm32_l4.o
                0x0000000008005030                eeprom_driver_init
 .text.eeprom_driver_erase
                0x0000000008005034        0x4 .build/obj_keychron_k8_pro_ansi_rgb_custom/platforms/chibios/eeprom_stm32_l4.o
                0x0000000008005034                eeprom_driver_erase
 .text.eeprom_read_block
                0x0000000008005038       0x64 .build/obj_keychron_k8_pro_ansi_rgb_custom/platforms/chibios/eeprom_stm32_l4.o
                0x0000000008005038                eeprom_read_block
 .text.eeprom_write_block
                0x000000000800509c       0x5c .build/obj_keychron_k8_pro_ansi_rgb_custom/platforms/chibios/eeprom_stm32_l4.o
                0x000000000800509c                eeprom_write_block
 .text.NMI_Handler
                0x00000000080050f8       0x20 .build/obj_keychron_k8_pro_ansi_rgb_custom/platforms/chibios/eeprom_stm32_l4.o
                0x00000000080050f8                NMI_Handler
 .text.FLASH_GetStatus
                0x0000000008005118       0x34 .build/obj_keychron_k8_pro_ansi_rgb_custom/platforms/chibios/flash_stm32.o
                0x0000000008005118                FLASH_GetStatus
 .text.FLASH_WaitForLastOperation
                0x000000000800514c       0x38 .build/obj_keychron_k8_pro_ansi_rgb_custom/platforms/chibios/flash_stm32.o
                0x000000000800514c                FLASH_WaitForLastOperation
 .text.FLASH_ErasePage
                0x0000000008005184       0x58 .build/obj_keychron_k8_pro_ansi_rgb_custom/platforms/chibios/flash_stm32.o
                0x0000000008005184                FLASH_ErasePage
 .text.FLASH_ProgramDoubleWord
                0x00000000080051dc       0x74 .build/obj_keychron_k8_pro_ansi_rgb_custom/platforms/chibios/flash_stm32.o
                0x00000000080051dc                FLASH_ProgramDoubleWord
 .text.FLASH_Unlock
                0x0000000008005250       0x1c .build/obj_keychron_k8_pro_ansi_rgb_custom/platforms/chibios/flash_stm32.o
                0x0000000008005250                FLASH_Unlock
 .text.FLASH_Lock
                0x000000000800526c       0x10 .build/obj_keychron_k8_pro_ansi_rgb_custom/platforms/chibios/flash_stm32.o
                0x000000000800526c                FLASH_Lock
 .text.hsv_to_rgb_impl
                0x000000000800527c       0xe0 .build/obj_keychron_k8_pro_ansi_rgb_custom/quantum/color.o
                0x000000000800527c                hsv_to_rgb_impl
 .text.hsv_to_rgb
                0x000000000800535c        0xa .build/obj_keychron_k8_pro_ansi_rgb_custom/quantum/color.o
                0x000000000800535c                hsv_to_rgb
 .text.sqrt16   0x0000000008005366       0x4c .build/obj_keychron_k8_pro_ansi_rgb_custom/quantum/rgb_matrix/rgb_matrix.o
 *fill*         0x00000000080053b2        0x2 
 .text.random8  0x00000000080053b4       0x24 .build/obj_keychron_k8_pro_ansi_rgb_custom/quantum/rgb_matrix/rgb_matrix.o
 .text.sin8_C   0x00000000080053d8       0x48 .build/obj_keychron_k8_pro_ansi_rgb_custom/quantum/rgb_matrix/rgb_matrix.o
 .text.CYCLE_ALL_math
                0x0000000008005420       0x26 .build/obj_keychron_k8_pro_ansi_rgb_custom/quantum/rgb_matrix/rgb_matrix.o
 *fill*         0x0000000008005446        0x2 
 .text.CYCLE_LEFT_RIGHT_math
                0x0000000008005448       0x38 .build/obj_keychron_k8_pro_ansi_rgb_custom/quantum/rgb_matrix/rgb_matrix.o
 .text.CYCLE_UP_DOWN_math
                0x0000000008005480       0x38 .build/obj_keychron_k8_pro_ansi_rgb_custom/quantum/rgb_matrix/rgb_matrix.o
 .text.RAINBOW_MOVING_CHEVRON_math
                0x00000000080054b8       0x54 .build/obj_keychron_k8_pro_ansi_rgb_custom/quantum/rgb_matrix/rgb_matrix.o
 .text.CYCLE_OUT_IN_math
                0x000000000800550c       0x32 .build/obj_keychron_k8_pro_ansi_rgb_custom/quantum/rgb_matrix/rgb_matrix.o
 .text.CYCLE_OUT_IN_DUAL_math
                0x000000000800553e       0x48 .build/obj_keychron_k8_pro_ansi_rgb_custom/quantum/rgb_matrix/rgb_matrix.o
 *fill*         0x0000000008005586        0x2 
 .text.DUAL_BEACON_math
                0x0000000008005588       0x50 .build/obj_keychron_k8_pro_ansi_rgb_custom/quantum/rgb_matrix/rgb_matrix.o
 .text.RAINBOW_BEACON_math
                0x00000000080055d8       0x50 .build/obj_keychron_k8_pro_ansi_rgb_custom/quantum/rgb_matrix/rgb_matrix.o
 .text.SOLID_REACTIVE_SIMPLE_math
                0x0000000008005628       0x34 .build/obj_keychron_k8_pro_ansi_rgb_custom/quantum/rgb_matrix/rgb_matrix.o
 .text.SOLID_REACTIVE_WIDE_math
                0x000000000800565c       0x48 .build/obj_keychron_k8_pro_ansi_rgb_custom/quantum/rgb_matrix/rgb_matrix.o
 .text.SOLID_REACTIVE_NEXUS_math